Component: ARM Compiler 5.06 update 7 (build 960) Tool: armlink [4d3601]

==============================================================================

Section Cross References

    startup_lpc17xx.o(STACK) refers (Special) to heapauxi.o(.text) for __use_two_region_memory
    startup_lpc17xx.o(HEAP) refers (Special) to heapauxi.o(.text) for __use_two_region_memory
    startup_lpc17xx.o(RESET) refers (Special) to heapauxi.o(.text) for __use_two_region_memory
    startup_lpc17xx.o(RESET) refers to startup_lpc17xx.o(STACK) for __initial_sp
    startup_lpc17xx.o(RESET) refers to startup_lpc17xx.o(.text) for Reset_Handler
    startup_lpc17xx.o(RESET) refers to irq_timer.o(.text) for TIMER0_IRQHandler
    startup_lpc17xx.o(RESET) refers to irq_adc.o(.text) for ADC_IRQHandler
    startup_lpc17xx.o(RESET) refers to irq__rit.o(.text) for RIT_IRQHandler
    startup_lpc17xx.o(.ARM.__at_0x02FC) refers (Special) to heapauxi.o(.text) for __use_two_region_memory
    startup_lpc17xx.o(.text) refers (Special) to heapauxi.o(.text) for __use_two_region_memory
    startup_lpc17xx.o(.text) refers to __main.o(!!!main) for __main
    startup_lpc17xx.o(.text) refers to startup_lpc17xx.o(HEAP) for Heap_Mem
    startup_lpc17xx.o(.text) refers to startup_lpc17xx.o(STACK) for Stack_Mem
    sample.o(.text) refers to system_lpc17xx.o(.text) for SystemInit
    sample.o(.text) refers to glcd.o(.text) for LCD_Initialization
    sample.o(.text) refers to touchpanel.o(.text) for TP_Init
    sample.o(.text) refers to handler_tamagochi.o(.text) for init_draw
    sample.o(.text) refers to lib__joystick.o(.text) for joystick_init
    sample.o(.text) refers to lib_adc.o(.text) for ADC_init
    sample.o(.text) refers to lib_timer.o(.text) for init_timer1
    sample.o(.text) refers to lib__rit.o(.text) for init_RIT
    system_lpc17xx.o(.text) refers to system_lpc17xx.o(.data) for SystemFrequency
    irq_timer.o(.text) refers to glcd.o(.text) for LCD_DrawFullCircle
    irq_timer.o(.text) refers to handler_tamagochi.o(.text) for draw_age
    irq_timer.o(.text) refers to lib_timer.o(.text) for disable_timer
    irq_timer.o(.text) refers to irq_timer.o(.data) for animation
    irq_timer.o(.text) refers to touchpanel.o(.text) for Read_Ads7846
    irq_timer.o(.text) refers to touchpanel.o(.bss) for matrix
    irq_timer.o(.text) refers to touchpanel.o(.data) for display
    irq_timer.o(.text) refers to irq_adc.o(.data) for amplitude
    asciilib.o(.text) refers to rt_memcpy_v6.o(.text) for __aeabi_memcpy
    asciilib.o(.text) refers to asciilib.o(.constdata) for AsciiLib
    glcd.o(.text) refers to glcd.o(.data) for LCD_Code
    glcd.o(.text) refers to asciilib.o(.text) for GetASCIICode
    glcd.o(.text) refers to dflt_clz.o(x$fpl$dflt) for __aeabi_i2d
    glcd.o(.text) refers to sqrt.o(i.sqrt) for sqrt
    glcd.o(.text) refers to dfix.o(x$fpl$dfix) for __aeabi_d2iz
    hzlib.o(.text) refers to rt_memcpy_v6.o(.text) for __aeabi_memcpy
    hzlib.o(.text) refers to hzlib.o(.constdata) for HzLib
    handler_tamagochi.o(.text) refers to _printf_pad.o(.text) for _printf_pre_padding
    handler_tamagochi.o(.text) refers to _printf_percent.o(.ARM.Collect$$_printf_percent$$00000000) for _printf_percent
    handler_tamagochi.o(.text) refers to _printf_d.o(.ARM.Collect$$_printf_percent$$00000009) for _printf_d
    handler_tamagochi.o(.text) refers to _printf_dec.o(.text) for _printf_int_dec
    handler_tamagochi.o(.text) refers to noretval__2sprintf.o(.text) for __2sprintf
    handler_tamagochi.o(.text) refers to glcd.o(.text) for GUI_Text
    handler_tamagochi.o(.text) refers to handler_tamagochi.o(.bss) for time_in_char
    handler_tamagochi.o(.text) refers to lib_timer.o(.text) for disable_timer
    irq__rit.o(.text) refers to lib_timer.o(.text) for disable_timer
    irq__rit.o(.text) refers to glcd.o(.text) for LCD_Clear
    irq__rit.o(.text) refers to handler_tamagochi.o(.text) for init_draw
    irq__rit.o(.text) refers to lib_adc.o(.text) for ADC_start_conversion
    irq__rit.o(.text) refers to lib__rit.o(.text) for reset_RIT
    irq__rit.o(.text) refers to irq__rit.o(.data) for select
    irq__rit.o(.text) refers to irq_timer.o(.data) for dead
    touchpanel.o(.text) refers to glcd.o(.text) for LCD_SetPoint
    touchpanel.o(.text) refers to rt_memclr_w.o(.text) for __aeabi_memclr4
    touchpanel.o(.text) refers to dflt_clz.o(x$fpl$dflt) for __aeabi_i2d
    touchpanel.o(.text) refers to deqf.o(x$fpl$deqf) for __aeabi_cdcmpeq
    touchpanel.o(.text) refers to dflt_clz.o(x$fpl$dfltu) for __aeabi_ui2d
    touchpanel.o(.text) refers to dmul.o(x$fpl$dmul) for __aeabi_dmul
    touchpanel.o(.text) refers to daddsub_clz.o(x$fpl$dadd) for __aeabi_dadd
    touchpanel.o(.text) refers to ddiv.o(x$fpl$ddiv) for __aeabi_ddiv
    touchpanel.o(.text) refers to dfixu.o(x$fpl$dfixu) for __aeabi_d2uiz
    touchpanel.o(.text) refers to touchpanel.o(.data) for screen
    touchpanel.o(.text) refers to touchpanel.o(.bss) for ScreenSample
[...]
    dflt_clz.o(x$fpl$dflt) refers (Special) to usenofp.o(x$fpl$usenofp) for __I$use$fp
    dflt_clz.o(x$fpl$dfltn) refers (Special) to usenofp.o(x$fpl$usenofp) for __I$use$fp
    dmul.o(x$fpl$dmul) refers (Special) to usenofp.o(x$fpl$usenofp) for __I$use$fp
    dmul.o(x$fpl$dmul) refers to dretinf.o(x$fpl$dretinf) for __fpl_dretinf
    dmul.o(x$fpl$dmul) refers to dnaninf.o(x$fpl$dnaninf) for __fpl_dnaninf
    sqrt.o(i.__softfp_sqrt) refers (Special) to usenofp.o(x$fpl$usenofp) for __I$use$fp
    sqrt.o(i.__softfp_sqrt) refers to dsqrt_noumaal.o(x$fpl$dsqrt) for _dsqrt
    sqrt.o(i.__softfp_sqrt) refers to _rserrno.o(.text) for __set_errno
    sqrt.o(i.sqrt) refers (Special) to usenofp.o(x$fpl$usenofp) for __I$use$fp
    sqrt.o(i.sqrt) refers to dsqrt_noumaal.o(x$fpl$dsqrt) for _dsqrt
    sqrt.o(i.sqrt) refers to _rserrno.o(.text) for __set_errno
    sqrt_x.o(i.____softfp_sqrt$lsc) refers (Special) to usenofp.o(x$fpl$usenofp) for __I$use$fp
    sqrt_x.o(i.____softfp_sqrt$lsc) refers to dleqf.o(x$fpl$dleqf) for __aeabi_cdcmple
    sqrt_x.o(i.____softfp_sqrt$lsc) refers to _rserrno.o(.text) for __set_errno
    sqrt_x.o(i.____softfp_sqrt$lsc) refers to dsqrt_noumaal.o(x$fpl$dsqrt) for _dsqrt
    sqrt_x.o(i.__sqrt$lsc) refers (Special) to usenofp.o(x$fpl$usenofp) for __I$use$fp
    sqrt_x.o(i.__sqrt$lsc) refers to dleqf.o(x$fpl$dleqf) for __aeabi_cdcmple
    sqrt_x.o(i.__sqrt$lsc) refers to _rserrno.o(.text) for __set_errno
    sqrt_x.o(i.__sqrt$lsc) refers to dsqrt_noumaal.o(x$fpl$dsqrt) for _dsqrt
    __rtentry.o(.ARM.Collect$$rtentry$$00000000) refers (Special) to __rtentry2.o(.ARM.Collect$$rtentry$$0000000A) for __rt_entry_li
    __rtentry.o(.ARM.Collect$$rtentry$$00000000) refers (Special) to __rtentry2.o(.ARM.Collect$$rtentry$$0000000D) for __rt_entry_main
    __rtentry.o(.ARM.Collect$$rtentry$$00000000) refers (Special) to __rtentry2.o(.ARM.Collect$$rtentry$$0000000C) for __rt_entry_postli_1
    __rtentry.o(.ARM.Collect$$rtentry$$00000000) refers (Special) to __rtentry2.o(.ARM.Collect$$rtentry$$00000009) for __rt_entry_postsh_1
    __rtentry.o(.ARM.Collect$$rtentry$$00000000) refers (Special) to __rtentry2.o(.ARM.Collect$$rtentry$$00000002) for __rt_entry_presh_1
    __rtentry.o(.ARM.Collect$$rtentry$$00000000) refers (Special) to __rtentry4.o(.ARM.Collect$$rtentry$$00000004) for __rt_entry_sh
    _rserrno.o(.text) refers to rt_errno_addr_intlibspace.o(.text) for __aeabi_errno_addr
    _printf_intcommon.o(.text) refers (Weak) to _printf_pad.o(.text) for _printf_pre_padding
    _printf_intcommon.o(.text) refers (Weak) to _printf_pad.o(.text) for _printf_pre_padding
    _printf_intcommon.o(.text) refers (Weak) to _printf_pad.o(.text) for _printf_post_padding
    _printf_char_common.o(.text) refers to __printf_flags_wp.o(.text) for __printf
    dcmpi.o(x$fpl$dcmpinf) refers (Special) to usenofp.o(x$fpl$usenofp) for __I$use$fp
    dleqf.o(x$fpl$dleqf) refers (Special) to usenofp.o(x$fpl$usenofp) for __I$use$fp
    dleqf.o(x$fpl$dleqf) refers to dnaninf.o(x$fpl$dnaninf) for __fpl_dnaninf
    dleqf.o(x$fpl$dleqf) refers to dcmpi.o(x$fpl$dcmpinf) for __fpl_dcmp_Inf
    dnaninf.o(x$fpl$dnaninf) refers (Special) to usenofp.o(x$fpl$usenofp) for __I$use$fp
    dretinf.o(x$fpl$dretinf) refers (Special) to usenofp.o(x$fpl$usenofp) for __I$use$fp
    dsqrt_noumaal.o(x$fpl$dsqrt) refers (Special) to usenofp.o(x$fpl$usenofp) for __I$use$fp
    dsqrt_noumaal.o(x$fpl$dsqrt) refers to dnaninf.o(x$fpl$dnaninf) for __fpl_dnaninf
    __rtentry2.o(.ARM.Collect$$rtentry$$00000008) refers to boardinit2.o(.text) for _platform_post_stackheap_init
    __rtentry2.o(.ARM.Collect$$rtentry$$0000000A) refers to libinit.o(.ARM.Collect$$libinit$$00000000) for __rt_lib_init
    __rtentry2.o(.ARM.Collect$$rtentry$$0000000B) refers to boardinit3.o(.text) for _platform_post_lib_init
    __rtentry2.o(.ARM.Collect$$rtentry$$0000000D) refers to sample.o(.text) for main
    __rtentry2.o(.ARM.Collect$$rtentry$$0000000D) refers to exit.o(.text) for exit
    __rtentry2.o(.ARM.exidx) refers to __rtentry2.o(.ARM.Collect$$rtentry$$00000001) for .ARM.Collect$$rtentry$$00000001
    __rtentry2.o(.ARM.exidx) refers to __rtentry2.o(.ARM.Collect$$rtentry$$00000008) for .ARM.Collect$$rtentry$$00000008
    __rtentry2.o(.ARM.exidx) refers to __rtentry2.o(.ARM.Collect$$rtentry$$0000000A) for .ARM.Collect$$rtentry$$0000000A
    __rtentry2.o(.ARM.exidx) refers to __rtentry2.o(.ARM.Collect$$rtentry$$0000000B) for .ARM.Collect$$rtentry$$0000000B
    __rtentry2.o(.ARM.exidx) refers to __rtentry2.o(.ARM.Collect$$rtentry$$0000000D) for .ARM.Collect$$rtentry$$0000000D
    __rtentry4.o(.ARM.Collect$$rtentry$$00000004) refers to sys_stackheap_outer.o(.text) for __user_setup_stackheap
    __rtentry4.o(.ARM.exidx) refers to __rtentry4.o(.ARM.Collect$$rtentry$$00000004) for .ARM.Collect$$rtentry$$00000004
    rt_errno_addr.o(.text) refers to rt_errno_addr.o(.bss) for __aeabi_errno_addr_data
    rt_errno_addr_intlibspace.o(.text) refers to libspace.o(.bss) for __libspace_start
    libspace.o(.text) refers to libspace.o(.bss) for __libspace_start
    sys_stackheap_outer.o(.text) refers to libspace.o(.text) for __user_perproc_libspace
    sys_stackheap_outer.o(.text) refers to startup_lpc17xx.o(.text) for __user_initial_stackheap
    exit.o(.text) refers to rtexit.o(.ARM.Collect$$rtexit$$00000000) for __rt_exit
    libinit.o(.ARM.Collect$$libinit$$00000000) refers (Special) to libinit2.o(.ARM.Collect$$libinit$$0000002E) for __rt_lib_init_alloca_1
    libinit.o(.ARM.Collect$$libinit$$00000000) refers (Special) to libinit2.o(.ARM.Collect$$libinit$$0000002C) for __rt_lib_init_argv_1
    libinit.o(.ARM.Collect$$libinit$$00000000) refers (Special) to libinit2.o(.ARM.Collect$$libinit$$0000001B) for __rt_lib_init_atexit_1
    libinit.o(.ARM.Collect$$libinit$$00000000) refers (Special) to libinit2.o(.ARM.Collect$$libinit$$00000021) for __rt_lib_init_clock_1
    libinit.o(.ARM.Collect$$libinit$$00000000) refers (Special) to libinit2.o(.ARM.Collect$$libinit$$00000032) for __rt_lib_init_cpp_1
    libinit.o(.ARM.Collect$$libinit$$00000000) refers (Special) to libinit2.o(.ARM.Collect$$libinit$$00000030) for __rt_lib_init_exceptions_1
    libinit.o(.ARM.Collect$$libinit$$00000000) refers (Special) to libinit2.o(.ARM.Collect$$libinit$$00000002) for __rt_lib_init_fp_1
    libinit.o(.ARM.Collect$$libinit$$00000000) refers (Special) to libinit2.o(.ARM.Collect$$libinit$$0000001F) for __rt_lib_init_fp_trap_1
    libinit.o(.ARM.Collect$$libinit$$00000000) refers (Special) to libinit2.o(.ARM.Collect$$libinit$$00000023) for __rt_lib_init_getenv_1
    libinit.o(.ARM.Collect$$libinit$$00000000) refers (Special) to libinit2.o(.ARM.Collect$$libinit$$0000000A) for __rt_lib_init_heap_1
    libinit.o(.ARM.Collect$$libinit$$00000000) refers (Special) to libinit2.o(.ARM.Collect$$libinit$$00000011) for __rt_lib_init_lc_collate_1
    libinit.o(.ARM.Collect$$libinit$$00000000) refers (Special) to libinit2.o(.ARM.Collect$$libinit$$00000013) for __rt_lib_init_lc_ctype_1
    libinit.o(.ARM.Collect$$libinit$$00000000) refers (Special) to libinit2.o(.ARM.Collect$$libinit$$00000015) for __rt_lib_init_lc_monetary_1
    libinit.o(.ARM.Collect$$libinit$$00000000) refers (Special) to libinit2.o(.ARM.Collect$$libinit$$00000017) for __rt_lib_init_lc_numeric_1
    libinit.o(.ARM.Collect$$libinit$$00000000) refers (Special) to libinit2.o(.ARM.Collect$$libinit$$00000019) for __rt_lib_init_lc_time_1
    libinit.o(.ARM.Collect$$libinit$$00000000) refers (Special) to libinit2.o(.ARM.Collect$$libinit$$00000004) for __rt_lib_init_preinit_1
    libinit.o(.ARM.Collect$$libinit$$00000000) refers (Special) to libinit2.o(.ARM.Collect$$libinit$$0000000E) for __rt_lib_init_rand_1
    libinit.o(.ARM.Collect$$libinit$$00000000) refers (Special) to libinit2.o(.ARM.Collect$$libinit$$00000033) for __rt_lib_init_return
    libinit.o(.ARM.Collect$$libinit$$00000000) refers (Special) to libinit2.o(.ARM.Collect$$libinit$$0000001D) for __rt_lib_init_signal_1
    libinit.o(.ARM.Collect$$libinit$$00000000) refers (Special) to libinit2.o(.ARM.Collect$$libinit$$00000025) for __rt_lib_init_stdio_1
    libinit.o(.ARM.Collect$$libinit$$00000000) refers (Special) to libinit2.o(.ARM.Collect$$libinit$$0000000C) for __rt_lib_init_user_alloc_1
    rtexit.o(.ARM.Collect$$rtexit$$00000000) refers (Special) to rtexit2.o(.ARM.Collect$$rtexit$$00000004) for __rt_exit_exit
    rtexit.o(.ARM.Collect$$rtexit$$00000000) refers (Special) to rtexit2.o(.ARM.Collect$$rtexit$$00000003) for __rt_exit_ls
    rtexit.o(.ARM.Collect$$rtexit$$00000000) refers (Special) to rtexit2.o(.ARM.Collect$$rtexit$$00000002) for __rt_exit_prels_1
    rtexit.o(.ARM.exidx) refers (Special) to rtexit2.o(.ARM.Collect$$rtexit$$00000004) for __rt_exit_exit
    rtexit.o(.ARM.exidx) refers (Special) to rtexit2.o(.ARM.Collect$$rtexit$$00000003) for __rt_exit_ls
    rtexit.o(.ARM.exidx) refers (Special) to rtexit2.o(.ARM.Collect$$rtexit$$00000002) for __rt_exit_prels_1
    rtexit.o(.ARM.exidx) refers to rtexit.o(.ARM.Collect$$rtexit$$00000000) for .ARM.Collect$$rtexit$$00000000
    libinit2.o(.ARM.Collect$$libinit$$00000010) refers to libinit2.o(.ARM.Collect$$libinit$$0000000F) for .ARM.Collect$$libinit$$0000000F
    libinit2.o(.ARM.Collect$$libinit$$00000012) refers to libinit2.o(.ARM.Collect$$libinit$$0000000F) for .ARM.Collect$$libinit$$0000000F
    libinit2.o(.ARM.Collect$$libinit$$00000014) refers to libinit2.o(.ARM.Collect$$libinit$$0000000F) for .ARM.Collect$$libinit$$0000000F
    libinit2.o(.ARM.Collect$$libinit$$00000016) refers to libinit2.o(.ARM.Collect$$libinit$$0000000F) for .ARM.Collect$$libinit$$0000000F
    libinit2.o(.ARM.Collect$$libinit$$00000018) refers to libinit2.o(.ARM.Collect$$libinit$$0000000F) for .ARM.Collect$$libinit$$0000000F
    libinit2.o(.ARM.Collect$$libinit$$00000026) refers to argv_veneer.o(.emb_text) for __ARM_argv_veneer
    libinit2.o(.ARM.Collect$$libinit$$00000027) refers to argv_veneer.o(.emb_text) for __ARM_argv_veneer
    rtexit2.o(.ARM.Collect$$rtexit$$00000003) refers to libshutdown.o(.ARM.Collect$$libshutdown$$00000000) for __rt_lib_shutdown
    rtexit2.o(.ARM.Collect$$rtexit$$00000004) refers to sys_exit.o(.text) for _sys_exit
    rtexit2.o(.ARM.exidx) refers to rtexit2.o(.ARM.Collect$$rtexit$$00000001) for .ARM.Collect$$rtexit$$00000001
    rtexit2.o(.ARM.exidx) refers to rtexit2.o(.ARM.Collect$$rtexit$$00000003) for .ARM.Collect$$rtexit$$00000003
    rtexit2.o(.ARM.exidx) refers to rtexit2.o(.ARM.Collect$$rtexit$$00000004) for .ARM.Collect$$rtexit$$00000004
    argv_veneer.o(.emb_text) refers to no_argv.o(.text) for __ARM_get_argv
    sys_exit.o(.text) refers (Special) to use_no_semi.o(.text) for __I$use$semihosting
    sys_exit.o(.text) refers (Special) to indicate_semi.o(.text) for __semihosting_library_function
    _get_argv_nomalloc.o(.text) refers (Special) to hrguard.o(.text) for __heap_region$guard
    _get_argv_nomalloc.o(.text) refers to defsig_rtmem_outer.o(.text) for __rt_SIGRTMEM
    _get_argv_nomalloc.o(.text) refers to sys_command.o(.text) for _sys_command_string
    libshutdown.o(.ARM.Collect$$libshutdown$$00000000) refers (Special) to libshutdown2.o(.ARM.Collect$$libshutdown$$00000004) for __rt_lib_shutdown_cpp_1
    libshutdown.o(.ARM.Collect$$libshutdown$$00000000) refers (Special) to libshutdown2.o(.ARM.Collect$$libshutdown$$00000002) for __rt_lib_shutdown_fini_1
    libshutdown.o(.ARM.Collect$$libshutdown$$00000000) refers (Special) to libshutdown2.o(.ARM.Collect$$libshutdown$$00000009) for __rt_lib_shutdown_fp_trap_1
    libshutdown.o(.ARM.Collect$$libshutdown$$00000000) refers (Special) to libshutdown2.o(.ARM.Collect$$libshutdown$$00000011) for __rt_lib_shutdown_heap_1
    libshutdown.o(.ARM.Collect$$libshutdown$$00000000) refers (Special) to libshutdown2.o(.ARM.Collect$$libshutdown$$00000012) for __rt_lib_shutdown_return
    libshutdown.o(.ARM.Collect$$libshutdown$$00000000) refers (Special) to libshutdown2.o(.ARM.Collect$$libshutdown$$0000000C) for __rt_lib_shutdown_signal_1
    libshutdown.o(.ARM.Collect$$libshutdown$$00000000) refers (Special) to libshutdown2.o(.ARM.Collect$$libshutdown$$00000006) for __rt_lib_shutdown_stdio_1
    libshutdown.o(.ARM.Collect$$libshutdown$$00000000) refers (Special) to libshutdown2.o(.ARM.Collect$$libshutdown$$0000000E) for __rt_lib_shutdown_user_alloc_1
    sys_command.o(.text) refers (Special) to use_no_semi.o(.text) for __I$use$semihosting
    sys_command.o(.text) refers (Special) to indicate_semi.o(.text) for __semihosting_library_function
    defsig_rtmem_outer.o(.text) refers to defsig_rtmem_inner.o(.text) for __rt_SIGRTMEM_inner
    defsig_rtmem_outer.o(.text) refers to defsig_exit.o(.text) for __sig_exit
    defsig_rtmem_formal.o(.text) refers to rt_raise.o(.text) for __rt_raise
    rt_raise.o(.text) refers to __raise.o(.text) for __raise
    rt_raise.o(.text) refers to sys_exit.o(.text) for _sys_exit
    defsig_exit.o(.text) refers to sys_exit.o(.text) for _sys_exit
    defsig_rtmem_inner.o(.text) refers to defsig_general.o(.text) for __default_signal_display
    __raise.o(.text) refers to defsig.o(CL$$defsig) for __default_signal_handler
    defsig_general.o(.text) refers to sys_wrch.o(.text) for _ttywrch
    sys_wrch.o(.text) refers (Special) to use_no_semi.o(.text) for __I$use$semihosting
    sys_wrch.o(.text) refers (Special) to indicate_semi.o(.text) for __semihosting_library_function
    defsig.o(CL$$defsig) refers to defsig_rtmem_inner.o(.text) for __rt_SIGRTMEM_inner
    defsig_abrt_inner.o(.text) refers to defsig_general.o(.text) for __default_signal_display
    defsig_fpe_inner.o(.text) refers to defsig_general.o(.text) for __default_signal_display
    defsig_rtred_inner.o(.text) refers to defsig_general.o(.text) for __default_signal_display
    defsig_stak_inner.o(.text) refers to defsig_general.o(.text) for __default_signal_display
    defsig_pvfn_inner.o(.text) refers to defsig_general.o(.text) for __default_signal_display
    defsig_cppl_inner.o(.text) refers to defsig_general.o(.text) for __default_signal_display
    defsig_segv_inner.o(.text) refers to defsig_general.o(.text) for __default_signal_display
    defsig_other.o(.text) refers to defsig_general.o(.text) for __default_signal_display


==============================================================================

Removing Unused input sections from the image.

    Removing sample.o(.rev16_text), (4 bytes).
    Removing sample.o(.revsh_text), (4 bytes).
    Removing sample.o(.rrx_text), (6 bytes).
    Removing core_cm3.o(.emb_text), (32 bytes).
    Removing system_lpc17xx.o(.rev16_text), (4 bytes).
    Removing system_lpc17xx.o(.revsh_text), (4 bytes).
    Removing system_lpc17xx.o(.rrx_text), (6 bytes).
    Removing irq_timer.o(.rev16_text), (4 bytes).
    Removing irq_timer.o(.revsh_text), (4 bytes).
    Removing irq_timer.o(.rrx_text), (6 bytes).
    Removing lib_timer.o(.rev16_text), (4 bytes).
    Removing lib_timer.o(.revsh_text), (4 bytes).
    Removing lib_timer.o(.rrx_text), (6 bytes).
    Removing glcd.o(.rev16_text), (4 bytes).
    Removing glcd.o(.revsh_text), (4 bytes).
    Removing glcd.o(.rrx_text), (6 bytes).
    Removing hzlib.o(.text), (52 bytes).
    Removing hzlib.o(.constdata), (216576 bytes).
    Removing handler_tamagochi.o(.rev16_text), (4 bytes).
    Removing handler_tamagochi.o(.revsh_text), (4 bytes).
    Removing handler_tamagochi.o(.rrx_text), (6 bytes).
    Removing irq__rit.o(.rev16_text), (4 bytes).
    Removing irq__rit.o(.revsh_text), (4 bytes).
    Removing irq__rit.o(.rrx_text), (6 bytes).
    Removing lib__rit.o(.rev16_text), (4 bytes).
    Removing lib__rit.o(.revsh_text), (4 bytes).
    Removing lib__rit.o(.rrx_text), (6 bytes).
    Removing funct__joystick.o(.rev16_text), (4 bytes).
    Removing funct__joystick.o(.revsh_text), (4 bytes).
    Removing funct__joystick.o(.rrx_text), (6 bytes).
    Removing lib__joystick.o(.rev16_text), (4 bytes).
    Removing lib__joystick.o(.revsh_text), (4 bytes).
    Removing lib__joystick.o(.rrx_text), (6 bytes).
    Removing touchpanel.o(.rev16_text), (4 bytes).
    Removing touchpanel.o(.revsh_text), (4 bytes).
    Removing touchpanel.o(.rrx_text), (6 bytes).
    Removing irq_adc.o(.rev16_text), (4 bytes).
    Removing irq_adc.o(.revsh_text), (4 bytes).
    Removing irq_adc.o(.rrx_text), (6 bytes).
    Removing irq_adc.o(.constdata), (32 bytes).
    Removing lib_adc.o(.rev16_text), (4 bytes).
    Removing lib_adc.o(.revsh_text), (4 bytes).
    Removing lib_adc.o(.rrx_text), (6 bytes).

43 unused section(s) (total 216874 bytes) removed from the image.

==============================================================================

Image Symbol Table

    Local Symbols

    Symbol Name                              Value     Ov Type        Size  Object(Section)

    RESET                                    0x00000000   Section      204  startup_lpc17xx.o(RESET)
    ../clib/angel/boardlib.s                 0x00000000   Number         0  boardinit2.o ABSOLUTE
    ../clib/angel/boardlib.s                 0x00000000   Number         0  boardinit3.o ABSOLUTE
    ../clib/angel/boardlib.s                 0x00000000   Number         0  boardinit1.o ABSOLUTE
    ../clib/angel/boardlib.s                 0x00000000   Number         0  boardshut.o ABSOLUTE
    ../clib/angel/dczerorl2.s                0x00000000   Number         0  __dczerorl2.o ABSOLUTE
    ../clib/angel/handlers.s                 0x00000000   Number         0  __scatter_zi.o ABSOLUTE
    ../clib/angel/kernel.s                   0x00000000   Number         0  __rtentry.o ABSOLUTE
    ../clib/angel/kernel.s                   0x00000000   Number         0  rtexit.o ABSOLUTE
    ../clib/angel/kernel.s                   0x00000000   Number         0  rtexit2.o ABSOLUTE
    ../clib/angel/kernel.s                   0x00000000   Number         0  __rtentry4.o ABSOLUTE
    ../clib/angel/kernel.s                   0x00000000   Number         0  __rtentry2.o ABSOLUTE
    ../clib/angel/rt.s                       0x00000000   Number         0  rt_raise.o ABSOLUTE
    ../clib/angel/rt.s                       0x00000000   Number         0  rt_errno_addr_intlibspace.o ABSOLUTE
    ../clib/angel/rt.s                       0x00000000   Number         0  rt_errno_addr.o ABSOLUTE
    ../clib/angel/scatter.s                  0x00000000   Number         0  __scatter.o ABSOLUTE
    ../clib/angel/startup.s                  0x00000000   Number         0  __main.o ABSOLUTE
    ../clib/angel/sys.s                      0x00000000   Number         0  sys_stackheap_outer.o ABSOLUTE
    ../clib/angel/sys.s                      0x00000000   Number         0  indicate_semi.o ABSOLUTE
    ../clib/angel/sys.s                      0x00000000   Number         0  use_no_semi.o ABSOLUTE
    ../clib/angel/sys.s                      0x00000000   Number         0  libspace.o ABSOLUTE
    ../clib/angel/sysapp.c                   0x00000000   Number         0  sys_exit.o ABSOLUTE
    ../clib/angel/sysapp.c                   0x00000000   Number         0  sys_command.o ABSOLUTE
    ../clib/angel/sysapp.c                   0x00000000   Number         0  sys_wrch.o ABSOLUTE
    ../clib/armsys.c                         0x00000000   Number         0  _get_argv_nomalloc.o ABSOLUTE
    ../clib/armsys.c                         0x00000000   Number         0  no_argv.o ABSOLUTE
    ../clib/armsys.c                         0x00000000   Number         0  argv_veneer.o ABSOLUTE
    ../clib/armsys.c                         0x00000000   Number         0  argv_veneer.o ABSOLUTE
    ../clib/fenv.c                           0x00000000   Number         0  _rserrno.o ABSOLUTE
    ../clib/heapalloc.c                      0x00000000   Number         0  hrguard.o ABSOLUTE
    ../clib/heapaux.c                        0x00000000   Number         0  heapauxi.o ABSOLUTE
    ../clib/libinit.s                        0x00000000   Number         0  libinit.o ABSOLUTE
    ../clib/libinit.s                        0x00000000   Number         0  libshutdown2.o ABSOLUTE
    ../clib/libinit.s                        0x00000000   Number         0  libinit2.o ABSOLUTE
    ../clib/libinit.s                        0x00000000   Number         0  libshutdown.o ABSOLUTE
    ../clib/memcpset.s                       0x00000000   Number         0  rt_memclr_w.o ABSOLUTE
    ../clib/memcpset.s                       0x00000000   Number         0  rt_memcpy_v6.o ABSOLUTE
    ../clib/memcpset.s                       0x00000000   Number         0  rt_memcpy_w.o ABSOLUTE
    ../clib/misc.s                           0x00000000   Number         0  printf_stubs.o ABSOLUTE
    ../clib/printf.c                         0x00000000   Number         0  __printf_nopercent.o ABSOLUTE
    ../clib/printf.c                         0x00000000   Number         0  __printf_ss_wp.o ABSOLUTE
    ../clib/printf.c                         0x00000000   Number         0  __printf_flags_ss_wp.o ABSOLUTE
    ../clib/printf.c                         0x00000000   Number         0  __2sprintf.o ABSOLUTE
    ../clib/printf.c                         0x00000000   Number         0  noretval__2sprintf.o ABSOLUTE
    ../clib/printf.c                         0x00000000   Number         0  _sputc.o ABSOLUTE
    ../clib/printf.c                         0x00000000   Number         0  _printf_char_common.o ABSOLUTE
    ../clib/printf.c                         0x00000000   Number         0  __printf.o ABSOLUTE
    ../clib/printf.c                         0x00000000   Number         0  _printf_pad.o ABSOLUTE
    ../clib/printf.c                         0x00000000   Number         0  _printf_dec.o ABSOLUTE
    ../clib/printf.c                         0x00000000   Number         0  _printf_intcommon.o ABSOLUTE
    ../clib/printf.c                         0x00000000   Number         0  __printf_flags.o ABSOLUTE
    ../clib/printf.c                         0x00000000   Number         0  __printf_ss.o ABSOLUTE
    ../clib/printf.c                         0x00000000   Number         0  __printf_flags_ss.o ABSOLUTE
    ../clib/printf.c                         0x00000000   Number         0  __printf_wp.o ABSOLUTE
    ../clib/printf.c                         0x00000000   Number         0  __printf_flags_wp.o ABSOLUTE
    ../clib/printf_percent.s                 0x00000000   Number         0  _printf_d.o ABSOLUTE
    ../clib/printf_percent.s                 0x00000000   Number         0  _printf_percent_end.o ABSOLUTE
    ../clib/printf_percent.s                 0x00000000   Number         0  _printf_percent.o ABSOLUTE
    ../clib/signal.c                         0x00000000   Number         0  defsig_pvfn_inner.o ABSOLUTE
    ../clib/signal.c                         0x00000000   Number         0  defsig_exit.o ABSOLUTE
    ../clib/signal.c                         0x00000000   Number         0  defsig_rtmem_formal.o ABSOLUTE
    ../clib/signal.c                         0x00000000   Number         0  defsig_rtmem_inner.o ABSOLUTE
    ../clib/signal.c                         0x00000000   Number         0  defsig_stak_inner.o ABSOLUTE
    ../clib/signal.c                         0x00000000   Number         0  defsig_other.o ABSOLUTE
    ../clib/signal.c                         0x00000000   Number         0  defsig_rtred_inner.o ABSOLUTE
    ../clib/signal.c                         0x00000000   Number         0  __raise.o ABSOLUTE
    ../clib/signal.c                         0x00000000   Number         0  defsig_fpe_inner.o ABSOLUTE
    ../clib/signal.c                         0x00000000   Number         0  defsig_general.o ABSOLUTE
    ../clib/signal.c                         0x00000000   Number         0  defsig_rtmem_outer.o ABSOLUTE
    ../clib/signal.c                         0x00000000   Number         0  defsig_abrt_inner.o ABSOLUTE
    ../clib/signal.c                         0x00000000   Number         0  defsig_cppl_inner.o ABSOLUTE
    ../clib/signal.c                         0x00000000   Number         0  defsig_segv_inner.o ABSOLUTE
    ../clib/signal.s                         0x00000000   Number         0  defsig.o ABSOLUTE
    ../clib/stdlib.c                         0x00000000   Number         0  exit.o ABSOLUTE
    ../fplib/daddsub.s                       0x00000000   Number         0  daddsub_clz.o ABSOLUTE
    ../fplib/dcmpi.s                         0x00000000   Number         0  dcmpi.o ABSOLUTE
    ../fplib/ddiv.s                          0x00000000   Number         0  ddiv.o ABSOLUTE
    ../fplib/deqf.s                          0x00000000   Number         0  deqf.o ABSOLUTE
    ../fplib/dfix.s                          0x00000000   Number         0  dfix.o ABSOLUTE
    ../fplib/dfixu.s                         0x00000000   Number         0  dfixu.o ABSOLUTE
    ../fplib/dflt.s                          0x00000000   Number         0  dflt_clz.o ABSOLUTE
    ../fplib/dleqf.s                         0x00000000   Number         0  dleqf.o ABSOLUTE
    ../fplib/dmul.s                          0x00000000   Number         0  dmul.o ABSOLUTE
    ../fplib/dnaninf.s                       0x00000000   Number         0  dnaninf.o ABSOLUTE
    ../fplib/dretinf.s                       0x00000000   Number         0  dretinf.o ABSOLUTE
    ../fplib/dsqrt.s                         0x00000000   Number         0  dsqrt_noumaal.o ABSOLUTE
    ../fplib/fpinit.s                        0x00000000   Number         0  fpinit.o ABSOLUTE
    ../fplib/usenofp.s                       0x00000000   Number         0  usenofp.o ABSOLUTE
    ../mathlib/sqrt.c                        0x00000000   Number         0  sqrt_x.o ABSOLUTE
    ../mathlib/sqrt.c                        0x00000000   Number         0  sqrt.o ABSOLUTE
    GLCD\AsciiLib.c                          0x00000000   Number         0  asciilib.o ABSOLUTE
    GLCD\GLCD.c                              0x00000000   Number         0  glcd.o ABSOLUTE
    GLCD\HzLib.c                             0x00000000   Number         0  hzlib.o ABSOLUTE
    GLCD\\GLCD.c                             0x00000000   Number         0  glcd.o ABSOLUTE
    IRQ__RIT.c                               0x00000000   Number         0  irq__rit.o ABSOLUTE
    IRQ__RIT.c                               0x00000000   Number         0  irq__rit.o ABSOLUTE
    IRQ_adc.c                                0x00000000   Number         0  irq_adc.o ABSOLUTE
    IRQ_adc.c                                0x00000000   Number         0  irq_adc.o ABSOLUTE
    TouchPanel.c                             0x00000000   Number         0  touchpanel.o ABSOLUTE
    TouchPanel.c                             0x00000000   Number         0  touchpanel.o ABSOLUTE
    core_cm3.c                               0x00000000   Number         0  core_cm3.o ABSOLUTE
    core_cm3.c                               0x00000000   Number         0  core_cm3.o ABSOLUTE
    dc.s                                     0x00000000   Number         0  dc.o ABSOLUTE
    funct__joystick.c                        0x00000000   Number         0  funct__joystick.o ABSOLUTE
    funct__joystick.c                        0x00000000   Number         0  funct__joystick.o ABSOLUTE
    handler_tamagochi.c                      0x00000000   Number         0  handler_tamagochi.o ABSOLUTE
    handler_tamagochi.c                      0x00000000   Number         0  handler_tamagochi.o ABSOLUTE
    lib__RIT.c                               0x00000000   Number         0  lib__rit.o ABSOLUTE
    lib__RIT.c                               0x00000000   Number         0  lib__rit.o ABSOLUTE
    lib__joystick.c                          0x00000000   Number         0  lib__joystick.o ABSOLUTE
    lib__joystick.c                          0x00000000   Number         0  lib__joystick.o ABSOLUTE
    lib_adc.c                                0x00000000   Number         0  lib_adc.o ABSOLUTE
    lib_adc.c                                0x00000000   Number         0  lib_adc.o ABSOLUTE
    sample.c                                 0x00000000   Number         0  sample.o ABSOLUTE
    sample.c                                 0x00000000   Number         0  sample.o ABSOLUTE
    startup_LPC17xx.s                        0x00000000   Number         0  startup_lpc17xx.o ABSOLUTE
    system_LPC17xx.c                         0x00000000   Number         0  system_lpc17xx.o ABSOLUTE
    system_LPC17xx.c                         0x00000000   Number         0  system_lpc17xx.o ABSOLUTE
    timer\IRQ_timer.c                        0x00000000   Number         0  irq_timer.o ABSOLUTE
    timer\\IRQ_timer.c                       0x00000000   Number         0  irq_timer.o ABSOLUTE
    timer\\lib_timer.c                       0x00000000   Number         0  lib_timer.o ABSOLUTE
    timer\lib_timer.c                        0x00000000   Number         0  lib_timer.o ABSOLUTE
    !!!main                                  0x000000cc   Section        8  __main.o(!!!main)
    !!!scatter                               0x000000d4   Section       52  __scatter.o(!!!scatter)
    !!dczerorl2                              0x00000108   Section       90  __dczerorl2.o(!!dczerorl2)
    !!handler_zi                             0x00000164   Section       28  __scatter_zi.o(!!handler_zi)
    .ARM.Collect$$_printf_percent$$00000000  0x00000180   Section        0  _printf_percent.o(.ARM.Collect$$_printf_percent$$00000000)
    .ARM.Collect$$_printf_percent$$00000009  0x00000180   Section        6  _printf_d.o(.ARM.Collect$$_printf_percent$$00000009)
    .ARM.Collect$$_printf_percent$$00000017  0x00000186   Section        4  _printf_percent_end.o(.ARM.Collect$$_printf_percent$$00000017)
    .ARM.Collect$$libinit$$00000000          0x0000018a   Section        2  libinit.o(.ARM.Collect$$libinit$$00000000)
    .ARM.Collect$$libinit$$00000002          0x0000018c   Section        0  libinit2.o(.ARM.Collect$$libinit$$00000002)
    .ARM.Collect$$libinit$$00000004          0x0000018c   Section        0  libinit2.o(.ARM.Collect$$libinit$$00000004)
    .ARM.Collect$$libinit$$0000000A          0x0000018c   Section        0  libinit2.o(.ARM.Collect$$libinit$$0000000A)
    .ARM.Collect$$libinit$$0000000C          0x0000018c   Section        0  libinit2.o(.ARM.Collect$$libinit$$0000000C)
    .ARM.Collect$$libinit$$0000000E          0x0000018c   Section        0  libinit2.o(.ARM.Collect$$libinit$$0000000E)
    .ARM.Collect$$libinit$$00000011          0x0000018c   Section        0  libinit2.o(.ARM.Collect$$libinit$$00000011)
    .ARM.Collect$$libinit$$00000013          0x0000018c   Section        0  libinit2.o(.ARM.Collect$$libinit$$00000013)
    .ARM.Collect$$libinit$$00000015          0x0000018c   Section        0  libinit2.o(.ARM.Collect$$libinit$$00000015)
    .ARM.Collect$$libinit$$00000017          0x0000018c   Section        0  libinit2.o(.ARM.Collect$$libinit$$00000017)
    .ARM.Collect$$libinit$$00000019          0x0000018c   Section        0  libinit2.o(.ARM.Collect$$libinit$$00000019)
    .ARM.Collect$$libinit$$0000001B          0x0000018c   Section        0  libinit2.o(.ARM.Collect$$libinit$$0000001B)
    .ARM.Collect$$libinit$$0000001D          0x0000018c   Section        0  libinit2.o(.ARM.Collect$$libinit$$0000001D)
    .ARM.Collect$$libinit$$0000001F          0x0000018c   Section        0  libinit2.o(.ARM.Collect$$libinit$$0000001F)
    .ARM.Collect$$libinit$$00000021          0x0000018c   Section        0  libinit2.o(.ARM.Collect$$libinit$$00000021)
    .ARM.Collect$$libinit$$00000023          0x0000018c   Section        0  libinit2.o(.ARM.Collect$$libinit$$00000023)
    .ARM.Collect$$libinit$$00000025          0x0000018c   Section        0  libinit2.o(.ARM.Collect$$libinit$$00000025)
    .ARM.Collect$$libinit$$0000002C          0x0000018c   Section        0  libinit2.o(.ARM.Collect$$libinit$$0000002C)
    .ARM.Collect$$libinit$$0000002E          0x0000018c   Section        0  libinit2.o(.ARM.Collect$$libinit$$0000002E)
    .ARM.Collect$$libinit$$00000030          0x0000018c   Section        0  libinit2.o(.ARM.Collect$$libinit$$00000030)
    .ARM.Collect$$libinit$$00000032          0x0000018c   Section        0  libinit2.o(.ARM.Collect$$libinit$$00000032)
    .ARM.Collect$$libinit$$00000033          0x0000018c   Section        2  libinit2.o(.ARM.Collect$$libinit$$00000033)
    .ARM.Collect$$libshutdown$$00000000      0x0000018e   Section        2  libshutdown.o(.ARM.Collect$$libshutdown$$00000000)
    .ARM.Collect$$libshutdown$$00000002      0x00000190   Section        0  libshutdown2.o(.ARM.Collect$$libshutdown$$00000002)
    .ARM.Collect$$libshutdown$$00000004      0x00000190   Section        0  libshutdown2.o(.ARM.Collect$$libshutdown$$00000004)
    .ARM.Collect$$libshutdown$$00000006      0x00000190   Section        0  libshutdown2.o(.ARM.Collect$$libshutdown$$00000006)
    .ARM.Collect$$libshutdown$$00000009      0x00000190   Section        0  libshutdown2.o(.ARM.Collect$$libshutdown$$00000009)
    .ARM.Collect$$libshutdown$$0000000C      0x00000190   Section        0  libshutdown2.o(.ARM.Collect$$libshutdown$$0000000C)
    .ARM.Collect$$libshutdown$$0000000E      0x00000190   Section        0  libshutdown2.o(.ARM.Collect$$libshutdown$$0000000E)
    .ARM.Collect$$libshutdown$$00000011      0x00000190   Section        0  libshutdown2.o(.ARM.Collect$$libshutdown$$00000011)
    .ARM.Collect$$libshutdown$$00000012      0x00000190   Section        2  libshutdown2.o(.ARM.Collect$$libshutdown$$00000012)
    .ARM.Collect$$rtentry$$00000000          0x00000192   Section        0  __rtentry.o(.ARM.Collect$$rtentry$$00000000)
    .ARM.Collect$$rtentry$$00000002          0x00000192   Section        0  __rtentry2.o(.ARM.Collect$$rtentry$$00000002)
    .ARM.Collect$$rtentry$$00000004          0x00000192   Section        6  __rtentry4.o(.ARM.Collect$$rtentry$$00000004)
    .ARM.Collect$$rtentry$$00000009          0x00000198   Section        0  __rtentry2.o(.ARM.Collect$$rtentry$$00000009)
    .ARM.Collect$$rtentry$$0000000A          0x00000198   Section        4  __rtentry2.o(.ARM.Collect$$rtentry$$0000000A)
    .ARM.Collect$$rtentry$$0000000C          0x0000019c   Section        0  __rtentry2.o(.ARM.Collect$$rtentry$$0000000C)
    .ARM.Collect$$rtentry$$0000000D          0x0000019c   Section        8  __rtentry2.o(.ARM.Collect$$rtentry$$0000000D)
    .ARM.Collect$$rtexit$$00000000           0x000001a4   Section        2  rtexit.o(.ARM.Collect$$rtexit$$00000000)
    .ARM.Collect$$rtexit$$00000002           0x000001a6   Section        0  rtexit2.o(.ARM.Collect$$rtexit$$00000002)
    .ARM.Collect$$rtexit$$00000003           0x000001a6   Section        4  rtexit2.o(.ARM.Collect$$rtexit$$00000003)
    .ARM.Collect$$rtexit$$00000004           0x000001aa   Section        6  rtexit2.o(.ARM.Collect$$rtexit$$00000004)
    .text                                    0x000001b0   Section       52  startup_lpc17xx.o(.text)
    .text                                    0x000001e4   Section        0  sample.o(.text)
    __NVIC_SetPriority                       0x000001e5   Thumb Code    32  sample.o(.text)
    .text                                    0x000002dc   Section        0  asciilib.o(.text)
    .ARM.__at_0x02FC                         0x000002fc   Section        4  startup_lpc17xx.o(.ARM.__at_0x02FC)
    .text                                    0x00000300   Section        0  system_lpc17xx.o(.text)
    .text                                    0x0000054c   Section        0  irq_timer.o(.text)
    .text                                    0x00000d68   Section        0  lib_timer.o(.text)
    __NVIC_EnableIRQ                         0x00000d69   Thumb Code    34  lib_timer.o(.text)
    __NVIC_SetPriority                       0x00000d8b   Thumb Code    32  lib_timer.o(.text)
    .text                                    0x000010d8   Section        0  glcd.o(.text)
    LCD_Configuration                        0x000010d9   Thumb Code    20  glcd.o(.text)
    wait_delay                               0x000010ed   Thumb Code    12  glcd.o(.text)
    LCD_SetCursor                            0x000010f9   Thumb Code  1356  glcd.o(.text)
    delay_ms                                 0x00001645   Thumb Code    30  glcd.o(.text)
    LCD_BGR2RGB                              0x00006e0d   Thumb Code    26  glcd.o(.text)
    .text                                    0x00007ef8   Section        0  handler_tamagochi.o(.text)
    .text                                    0x00008f48   Section        0  irq__rit.o(.text)
    .text                                    0x000091e0   Section        0  lib__rit.o(.text)
    .text                                    0x00009274   Section        0  lib__joystick.o(.text)
    .text                                    0x000092f8   Section        0  touchpanel.o(.text)
    ADS7843_SPI_Init                         0x00009309   Thumb Code   128  touchpanel.o(.text)
    DelayUS                                  0x000093a7   Thumb Code    28  touchpanel.o(.text)
    WR_CMD                                   0x000093c3   Thumb Code    56  touchpanel.o(.text)
    RD_AD                                    0x000093fb   Thumb Code    42  touchpanel.o(.text)
    .text                                    0x00009c78   Section        0  irq_adc.o(.text)
    .text                                    0x00009cc8   Section        0  lib_adc.o(.text)
    .text                                    0x00009d34   Section        0  noretval__2sprintf.o(.text)
    .text                                    0x00009d5c   Section        0  _printf_pad.o(.text)
    .text                                    0x00009dac   Section        0  _printf_dec.o(.text)
    .text                                    0x00009e24   Section        0  __printf_flags_wp.o(.text)
    .text                                    0x00009f5c   Section      138  rt_memcpy_v6.o(.text)
    .text                                    0x00009fe6   Section       78  rt_memclr_w.o(.text)
    .text                                    0x0000a034   Section        0  heapauxi.o(.text)
    .text                                    0x0000a03a   Section        0  _rserrno.o(.text)
    .text                                    0x0000a050   Section        0  _printf_intcommon.o(.text)
    .text                                    0x0000a104   Section        0  _printf_char_common.o(.text)
    _printf_input_char                       0x0000a105   Thumb Code    10  _printf_char_common.o(.text)
    .text                                    0x0000a134   Section        0  _sputc.o(.text)
    .text                                    0x0000a13e   Section      100  rt_memcpy_w.o(.text)
    .text                                    0x0000a1a4   Section        8  rt_errno_addr_intlibspace.o(.text)
    .text                                    0x0000a1ac   Section        8  libspace.o(.text)
    .text                                    0x0000a1b4   Section       74  sys_stackheap_outer.o(.text)
    .text                                    0x0000a1fe   Section        0  exit.o(.text)
    .text                                    0x0000a210   Section        0  sys_exit.o(.text)
    .text                                    0x0000a21c   Section        2  use_no_semi.o(.text)
    .text                                    0x0000a21e   Section        0  indicate_semi.o(.text)
    i._is_digit                              0x0000a21e   Section        0  __printf_wp.o(i._is_digit)
    i.sqrt                                   0x0000a22c   Section        0  sqrt.o(i.sqrt)
    x$fpl$dadd                               0x0000a278   Section      336  daddsub_clz.o(x$fpl$dadd)
    _dadd1                                   0x0000a289   Thumb Code     0  daddsub_clz.o(x$fpl$dadd)
    x$fpl$dcmpinf                            0x0000a3c8   Section       24  dcmpi.o(x$fpl$dcmpinf)
    x$fpl$ddiv                               0x0000a3e0   Section      688  ddiv.o(x$fpl$ddiv)
    ddiv_entry                               0x0000a3e7   Thumb Code     0  ddiv.o(x$fpl$ddiv)
    x$fpl$deqf                               0x0000a690   Section      120  deqf.o(x$fpl$deqf)
    x$fpl$dfix                               0x0000a708   Section       94  dfix.o(x$fpl$dfix)
    x$fpl$dfixu                              0x0000a768   Section       90  dfixu.o(x$fpl$dfixu)
    x$fpl$dflt                               0x0000a7c2   Section       46  dflt_clz.o(x$fpl$dflt)
    x$fpl$dfltu                              0x0000a7f0   Section       38  dflt_clz.o(x$fpl$dfltu)
    x$fpl$dmul                               0x0000a818   Section      340  dmul.o(x$fpl$dmul)
    x$fpl$dnaninf                            0x0000a96c   Section      156  dnaninf.o(x$fpl$dnaninf)
    x$fpl$dretinf                            0x0000aa08   Section       12  dretinf.o(x$fpl$dretinf)
    x$fpl$dsqrt                              0x0000aa14   Section      460  dsqrt_noumaal.o(x$fpl$dsqrt)
    x$fpl$dsub                               0x0000abe0   Section      468  daddsub_clz.o(x$fpl$dsub)
    _dsub1                                   0x0000abf1   Thumb Code     0  daddsub_clz.o(x$fpl$dsub)
    .constdata                               0x0000adb4   Section     1520  asciilib.o(.constdata)
    x$fpl$usenofp                            0x0000adb4   Section        0  usenofp.o(x$fpl$usenofp)
    AsciiLib                                 0x0000adb4   Data        1520  asciilib.o(.constdata)
    .constdata                               0x0000b3a4   Section       17  __printf_flags_wp.o(.constdata)
    maptable                                 0x0000b3a4   Data          17  __printf_flags_wp.o(.constdata)
    STACK                                    0x10000000   Section      512  startup_lpc17xx.o(STACK)
    Stack_Mem                                0x10000000   Data         512  startup_lpc17xx.o(STACK)
    __initial_sp                             0x10000200   Data           0  startup_lpc17xx.o(STACK)
    .data                                    0x2007c000   Section        5  system_lpc17xx.o(.data)
    .data                                    0x2007c008   Section      256  irq_timer.o(.data)
    ticks                                    0x2007c104   Data           4  irq_timer.o(.data)
    .data                                    0x2007c108   Section        4  glcd.o(.data)
    LCD_Code                                 0x2007c108   Data           1  glcd.o(.data)
    back_color                               0x2007c10a   Data           2  glcd.o(.data)
    .data                                    0x2007c10c   Section       20  irq__rit.o(.data)
    select                                   0x2007c114   Data           4  irq__rit.o(.data)
    J_left                                   0x2007c118   Data           4  irq__rit.o(.data)
    J_right                                  0x2007c11c   Data           4  irq__rit.o(.data)
    .data                                    0x2007c120   Section       20  touchpanel.o(.data)
    screen                                   0x2007c130   Data           4  touchpanel.o(.data)
    .data                                    0x2007c134   Section        8  irq_adc.o(.data)
    .bss                                     0x2007c13c   Section       20  handler_tamagochi.o(.bss)
    .bss                                     0x2007c150   Section       68  touchpanel.o(.bss)
    .bss                                     0x2007c194   Section       96  libspace.o(.bss)
    HEAP                                     0x2007c1f8   Section        0  startup_lpc17xx.o(HEAP)
    Heap_Mem                                 0x2007c1f8   Data           0  startup_lpc17xx.o(HEAP)

    Global Symbols

    Symbol Name                              Value     Ov Type        Size  Object(Section)

    BuildAttributes$$THM_ISAv4$P$D$K$B$S$PE$A:L22UL41UL21$X:L11$S22US41US21$IEEE1$IW$USESV6$~STKCKD$USESV7$~SHL$OTIME$ROPI$IEEEJ$EBA8$UX$STANDARDLIB$REQ8$PRES8$EABIv2 0x00000000   Number         0  anon$$obj.o ABSOLUTE
    __ARM_use_no_argv                        0x00000000   Number         0  sample.o ABSOLUTE
    __Vectors                                0x00000000   Data           4  startup_lpc17xx.o(RESET)
    _printf_flags                            0x00000000   Number         0  printf_stubs.o ABSOLUTE
    _printf_return_value                     0x00000000   Number         0  printf_stubs.o ABSOLUTE
    _printf_sizespec                         0x00000000   Number         0  printf_stubs.o ABSOLUTE
    _printf_widthprec                        0x00000000   Number         0  printf_stubs.o ABSOLUTE
    __ARM_exceptions_init                     - Undefined Weak Reference
    __alloca_initialize                       - Undefined Weak Reference
    __arm_fini_                               - Undefined Weak Reference
    __arm_preinit_                            - Undefined Weak Reference
    __cpp_initialize__aeabi_                  - Undefined Weak Reference
    __cxa_finalize                            - Undefined Weak Reference
    __rt_locale                               - Undefined Weak Reference
    __sigvec_lookup                           - Undefined Weak Reference
    _atexit_init                              - Undefined Weak Reference
    _call_atexit_fns                          - Undefined Weak Reference
    _clock_init                               - Undefined Weak Reference
    _fp_trap_init                             - Undefined Weak Reference
    _fp_trap_shutdown                         - Undefined Weak Reference
    _get_lc_collate                           - Undefined Weak Reference
    _get_lc_ctype                             - Undefined Weak Reference
    _get_lc_monetary                          - Undefined Weak Reference
    _get_lc_numeric                           - Undefined Weak Reference
    _get_lc_time                              - Undefined Weak Reference
    _getenv_init                              - Undefined Weak Reference
    _handle_redirection                       - Undefined Weak Reference
    _init_alloc                               - Undefined Weak Reference
    _init_user_alloc                          - Undefined Weak Reference
    _initio                                   - Undefined Weak Reference
    _printf_truncate_signed                   - Undefined Weak Reference
    _printf_truncate_unsigned                 - Undefined Weak Reference
    _rand_init                                - Undefined Weak Reference
    _signal_finish                            - Undefined Weak Reference
    _signal_init                              - Undefined Weak Reference
    _terminate_alloc                          - Undefined Weak Reference
    _terminate_user_alloc                     - Undefined Weak Reference
    _terminateio                              - Undefined Weak Reference
    __main                                   0x000000cd   Thumb Code     8  __main.o(!!!main)
    __scatterload                            0x000000d5   Thumb Code     0  __scatter.o(!!!scatter)
    __scatterload_rt2                        0x000000d5   Thumb Code    44  __scatter.o(!!!scatter)
    __scatterload_rt2_thumb_only             0x000000d5   Thumb Code     0  __scatter.o(!!!scatter)
    __scatterload_null                       0x000000e3   Thumb Code     0  __scatter.o(!!!scatter)
    __decompress                             0x00000109   Thumb Code    90  __dczerorl2.o(!!dczerorl2)
    __decompress1                            0x00000109   Thumb Code     0  __dczerorl2.o(!!dczerorl2)
    __scatterload_zeroinit                   0x00000165   Thumb Code    28  __scatter_zi.o(!!handler_zi)
    _printf_d                                0x00000181   Thumb Code     0  _printf_d.o(.ARM.Collect$$_printf_percent$$00000009)
    _printf_percent                          0x00000181   Thumb Code     0  _printf_percent.o(.ARM.Collect$$_printf_percent$$00000000)
    _printf_percent_end                      0x00000187   Thumb Code     0  _printf_percent_end.o(.ARM.Collect$$_printf_percent$$00000017)
    __rt_lib_init                            0x0000018b   Thumb Code     0  libinit.o(.ARM.Collect$$libinit$$00000000)
    __rt_lib_init_alloca_1                   0x0000018d   Thumb Code     0  libinit2.o(.ARM.Collect$$libinit$$0000002E)
    __rt_lib_init_argv_1                     0x0000018d   Thumb Code     0  libinit2.o(.ARM.Collect$$libinit$$0000002C)
    __rt_lib_init_atexit_1                   0x0000018d   Thumb Code     0  libinit2.o(.ARM.Collect$$libinit$$0000001B)
    __rt_lib_init_clock_1                    0x0000018d   Thumb Code     0  libinit2.o(.ARM.Collect$$libinit$$00000021)
    __rt_lib_init_cpp_1                      0x0000018d   Thumb Code     0  libinit2.o(.ARM.Collect$$libinit$$00000032)
    __rt_lib_init_exceptions_1               0x0000018d   Thumb Code     0  libinit2.o(.ARM.Collect$$libinit$$00000030)
    __rt_lib_init_fp_1                       0x0000018d   Thumb Code     0  libinit2.o(.ARM.Collect$$libinit$$00000002)
    __rt_lib_init_fp_trap_1                  0x0000018d   Thumb Code     0  libinit2.o(.ARM.Collect$$libinit$$0000001F)
    __rt_lib_init_getenv_1                   0x0000018d   Thumb Code     0  libinit2.o(.ARM.Collect$$libinit$$00000023)
    __rt_lib_init_heap_1                     0x0000018d   Thumb Code     0  libinit2.o(.ARM.Collect$$libinit$$0000000A)
    __rt_lib_init_lc_collate_1               0x0000018d   Thumb Code     0  libinit2.o(.ARM.Collect$$libinit$$00000011)
    __rt_lib_init_lc_ctype_1                 0x0000018d   Thumb Code     0  libinit2.o(.ARM.Collect$$libinit$$00000013)
    __rt_lib_init_lc_monetary_1              0x0000018d   Thumb Code     0  libinit2.o(.ARM.Collect$$libinit$$00000015)
    __rt_lib_init_lc_numeric_1               0x0000018d   Thumb Code     0  libinit2.o(.ARM.Collect$$libinit$$00000017)
    __rt_lib_init_lc_time_1                  0x0000018d   Thumb Code     0  libinit2.o(.ARM.Collect$$libinit$$00000019)
    __rt_lib_init_preinit_1                  0x0000018d   Thumb Code     0  libinit2.o(.ARM.Collect$$libinit$$00000004)
    __rt_lib_init_rand_1                     0x0000018d   Thumb Code     0  libinit2.o(.ARM.Collect$$libinit$$0000000E)
    __rt_lib_init_return                     0x0000018d   Thumb Code     0  libinit2.o(.ARM.Collect$$libinit$$00000033)
    __rt_lib_init_signal_1                   0x0000018d   Thumb Code     0  libinit2.o(.ARM.Collect$$libinit$$0000001D)
    __rt_lib_init_stdio_1                    0x0000018d   Thumb Code     0  libinit2.o(.ARM.Collect$$libinit$$00000025)
    __rt_lib_init_user_alloc_1               0x0000018d   Thumb Code     0  libinit2.o(.ARM.Collect$$libinit$$0000000C)
    __rt_lib_shutdown                        0x0000018f   Thumb Code     0  libshutdown.o(.ARM.Collect$$libshutdown$$00000000)
    __rt_lib_shutdown_cpp_1                  0x00000191   Thumb Code     0  libshutdown2.o(.ARM.Collect$$libshutdown$$00000004)
    __rt_lib_shutdown_fini_1                 0x00000191   Thumb Code     0  libshutdown2.o(.ARM.Collect$$libshutdown$$00000002)
    __rt_lib_shutdown_fp_trap_1              0x00000191   Thumb Code     0  libshutdown2.o(.ARM.Collect$$libshutdown$$00000009)
    __rt_lib_shutdown_heap_1                 0x00000191   Thumb Code     0  libshutdown2.o(.ARM.Collect$$libshutdown$$00000011)
    __rt_lib_shutdown_return                 0x00000191   Thumb Code     0  libshutdown2.o(.ARM.Collect$$libshutdown$$00000012)
    __rt_lib_shutdown_signal_1               0x00000191   Thumb Code     0  libshutdown2.o(.ARM.Collect$$libshutdown$$0000000C)
    __rt_lib_shutdown_stdio_1                0x00000191   Thumb Code     0  libshutdown2.o(.ARM.Collect$$libshutdown$$00000006)
    __rt_lib_shutdown_user_alloc_1           0x00000191   Thumb Code     0  libshutdown2.o(.ARM.Collect$$libshutdown$$0000000E)
    __rt_entry                               0x00000193   Thumb Code     0  __rtentry.o(.ARM.Collect$$rtentry$$00000000)
    __rt_entry_presh_1                       0x00000193   Thumb Code     0  __rtentry2.o(.ARM.Collect$$rtentry$$00000002)
    __rt_entry_sh                            0x00000193   Thumb Code     0  __rtentry4.o(.ARM.Collect$$rtentry$$00000004)
    __rt_entry_li                            0x00000199   Thumb Code     0  __rtentry2.o(.ARM.Collect$$rtentry$$0000000A)
    __rt_entry_postsh_1                      0x00000199   Thumb Code     0  __rtentry2.o(.ARM.Collect$$rtentry$$00000009)
    __rt_entry_main                          0x0000019d   Thumb Code     0  __rtentry2.o(.ARM.Collect$$rtentry$$0000000D)
    __rt_entry_postli_1                      0x0000019d   Thumb Code     0  __rtentry2.o(.ARM.Collect$$rtentry$$0000000C)
    __rt_exit                                0x000001a5   Thumb Code     0  rtexit.o(.ARM.Collect$$rtexit$$00000000)
    __rt_exit_ls                             0x000001a7   Thumb Code     0  rtexit2.o(.ARM.Collect$$rtexit$$00000003)
    __rt_exit_prels_1                        0x000001a7   Thumb Code     0  rtexit2.o(.ARM.Collect$$rtexit$$00000002)
    __rt_exit_exit                           0x000001ab   Thumb Code     0  rtexit2.o(.ARM.Collect$$rtexit$$00000004)
    Reset_Handler                            0x000001b1   Thumb Code     4  startup_lpc17xx.o(.text)
    NMI_Handler                              0x000001b5   Thumb Code     2  startup_lpc17xx.o(.text)
    HardFault_Handler                        0x000001b7   Thumb Code     2  startup_lpc17xx.o(.text)
    MemManage_Handler                        0x000001b9   Thumb Code     2  startup_lpc17xx.o(.text)
    BusFault_Handler                         0x000001bb   Thumb Code     2  startup_lpc17xx.o(.text)
    UsageFault_Handler                       0x000001bd   Thumb Code     2  startup_lpc17xx.o(.text)
    SVC_Handler                              0x000001bf   Thumb Code     2  startup_lpc17xx.o(.text)
    DebugMon_Handler                         0x000001c1   Thumb Code     2  startup_lpc17xx.o(.text)
    PendSV_Handler                           0x000001c3   Thumb Code     2  startup_lpc17xx.o(.text)
    SysTick_Handler                          0x000001c5   Thumb Code     2  startup_lpc17xx.o(.text)
    BOD_IRQHandler                           0x000001c7   Thumb Code     0  startup_lpc17xx.o(.text)
    CANActivity_IRQHandler                   0x000001c7   Thumb Code     0  startup_lpc17xx.o(.text)
    CAN_IRQHandler                           0x000001c7   Thumb Code     0  startup_lpc17xx.o(.text)
    DMA_IRQHandler                           0x000001c7   Thumb Code     0  startup_lpc17xx.o(.text)
    EINT0_IRQHandler                         0x000001c7   Thumb Code     0  startup_lpc17xx.o(.text)
    EINT1_IRQHandler                         0x000001c7   Thumb Code     0  startup_lpc17xx.o(.text)
    EINT2_IRQHandler                         0x000001c7   Thumb Code     0  startup_lpc17xx.o(.text)
    EINT3_IRQHandler                         0x000001c7   Thumb Code     0  startup_lpc17xx.o(.text)
    ENET_IRQHandler                          0x000001c7   Thumb Code     0  startup_lpc17xx.o(.text)
    I2C0_IRQHandler                          0x000001c7   Thumb Code     0  startup_lpc17xx.o(.text)
    I2C1_IRQHandler                          0x000001c7   Thumb Code     0  startup_lpc17xx.o(.text)
    I2C2_IRQHandler                          0x000001c7   Thumb Code     0  startup_lpc17xx.o(.text)
    I2S_IRQHandler                           0x000001c7   Thumb Code     0  startup_lpc17xx.o(.text)
    MCPWM_IRQHandler                         0x000001c7   Thumb Code     0  startup_lpc17xx.o(.text)
    PLL0_IRQHandler                          0x000001c7   Thumb Code     0  startup_lpc17xx.o(.text)
    PLL1_IRQHandler                          0x000001c7   Thumb Code     0  startup_lpc17xx.o(.text)
    PWM1_IRQHandler                          0x000001c7   Thumb Code     0  startup_lpc17xx.o(.text)
    QEI_IRQHandler                           0x000001c7   Thumb Code     0  startup_lpc17xx.o(.text)
    RTC_IRQHandler                           0x000001c7   Thumb Code     0  startup_lpc17xx.o(.text)
    SPI_IRQHandler                           0x000001c7   Thumb Code     0  startup_lpc17xx.o(.text)
    SSP0_IRQHandler                          0x000001c7   Thumb Code     0  startup_lpc17xx.o(.text)
    SSP1_IRQHandler                          0x000001c7   Thumb Code     0  startup_lpc17xx.o(.text)
    UART0_IRQHandler                         0x000001c7   Thumb Code     0  startup_lpc17xx.o(.text)
    UART1_IRQHandler                         0x000001c7   Thumb Code     0  startup_lpc17xx.o(.text)
    UART2_IRQHandler                         0x000001c7   Thumb Code     0  startup_lpc17xx.o(.text)
    UART3_IRQHandler                         0x000001c7   Thumb Code     0  startup_lpc17xx.o(.text)
    USBActivity_IRQHandler                   0x000001c7   Thumb Code     0  startup_lpc17xx.o(.text)
    USB_IRQHandler                           0x000001c7   Thumb Code     0  startup_lpc17xx.o(.text)
    WDT_IRQHandler                           0x000001c7   Thumb Code     0  startup_lpc17xx.o(.text)
    __user_initial_stackheap                 0x000001c9   Thumb Code     0  startup_lpc17xx.o(.text)
    main                                     0x00000205   Thumb Code   188  sample.o(.text)
    GetASCIICode                             0x000002dd   Thumb Code    26  asciilib.o(.text)
    SystemInit                               0x00000301   Thumb Code   552  system_lpc17xx.o(.text)
    TIMER0_IRQHandler                        0x0000054d   Thumb Code   582  irq_timer.o(.text)
    TIMER1_IRQHandler                        0x00000793   Thumb Code  1276  irq_timer.o(.text)
    TIMER2_IRQHandler                        0x00000c8f   Thumb Code    86  irq_timer.o(.text)
    TIMER3_IRQHandler                        0x00000ce5   Thumb Code    52  irq_timer.o(.text)
    enable_timer                             0x00000dab   Thumb Code    44  lib_timer.o(.text)
    disable_timer                            0x00000dd7   Thumb Code    44  lib_timer.o(.text)
    reset_timer                              0x00000e03   Thumb Code    62  lib_timer.o(.text)
    init_timer                               0x00000e41   Thumb Code   540  lib_timer.o(.text)
    init_timer1                              0x0000105d   Thumb Code   102  lib_timer.o(.text)
    wait                                     0x00001663   Thumb Code     4  glcd.o(.text)
    LCD_WritePixel                           0x00001667   Thumb Code    64  glcd.o(.text)
    LCD_WriteCommand                         0x000016a7   Thumb Code    74  glcd.o(.text)
    LCD_ClearWindow                          0x000016f1   Thumb Code   682  glcd.o(.text)
    LCD_Clear                                0x0000199b   Thumb Code  1384  glcd.o(.text)
    LCD_SetBackground                        0x00001f03   Thumb Code    16  glcd.o(.text)
    LCD_Initialization                       0x00001f13   Thumb Code 20218  glcd.o(.text)
    LCD_GetPoint                             0x00006e27   Thumb Code   984  glcd.o(.text)
    LCD_SetPoint                             0x000071ff   Thumb Code   216  glcd.o(.text)
    LCD_DrawLine                             0x000072d7   Thumb Code   250  glcd.o(.text)
    PutChar                                  0x000073d1   Thumb Code   100  glcd.o(.text)
    PutCharHorizontal                        0x00007435   Thumb Code   100  glcd.o(.text)
    GUI_Text                                 0x00007499   Thumb Code    80  glcd.o(.text)
    LCD_SetWindow                            0x000074e9   Thumb Code  1080  glcd.o(.text)
    LCD_SetOrientation                       0x00007921   Thumb Code   378  glcd.o(.text)
    pixel                                    0x00007a9b   Thumb Code   132  glcd.o(.text)
    LCD_DrawCircle                           0x00007b1f   Thumb Code    94  glcd.o(.text)
    LCD_DrawRectangle                        0x00007b7d   Thumb Code    58  glcd.o(.text)
    LCD_DrawEmptyRectangle                   0x00007bb7   Thumb Code    98  glcd.o(.text)
    LCD_Darken                               0x00007c19   Thumb Code   310  glcd.o(.text)
    LCD_GetPixel                             0x00007d4f   Thumb Code   208  glcd.o(.text)
    LCD_GetBackground                        0x00007e1f   Thumb Code     6  glcd.o(.text)
    LCD_DrawFullCircle                       0x00007e25   Thumb Code   126  glcd.o(.text)
    draw_square                              0x00007ea3   Thumb Code    76  glcd.o(.text)
    draw_age                                 0x00007ef9   Thumb Code    42  handler_tamagochi.o(.text)
    draw_battery                             0x00007f23   Thumb Code   758  handler_tamagochi.o(.text)
    basic_tamagochi                          0x00008219   Thumb Code   204  handler_tamagochi.o(.text)
    basic_tamagochi_mouth                    0x000082e5   Thumb Code   206  handler_tamagochi.o(.text)
    erase_tamagochi                          0x000083b3   Thumb Code   238  handler_tamagochi.o(.text)
    snack                                    0x000084a1   Thumb Code   212  handler_tamagochi.o(.text)
    leaving_tamagochi                        0x00008575   Thumb Code   430  handler_tamagochi.o(.text)
    meal                                     0x00008723   Thumb Code   206  handler_tamagochi.o(.text)
    cuddle1                                  0x000087f1   Thumb Code   104  handler_tamagochi.o(.text)
    cuddle2                                  0x00008859   Thumb Code   104  handler_tamagochi.o(.text)
    init_draw                                0x000088c1   Thumb Code   178  handler_tamagochi.o(.text)
    volume                                   0x00008973   Thumb Code   622  handler_tamagochi.o(.text)
    loud                                     0x00008be1   Thumb Code   872  handler_tamagochi.o(.text)
    RIT_IRQHandler                           0x00008f49   Thumb Code   558  irq__rit.o(.text)
    enable_RIT                               0x000091e1   Thumb Code    14  lib__rit.o(.text)
    disable_RIT                              0x000091ef   Thumb Code    14  lib__rit.o(.text)
    reset_RIT                                0x000091fd   Thumb Code     8  lib__rit.o(.text)
    init_RIT                                 0x00009205   Thumb Code    98  lib__rit.o(.text)
    joystick_init                            0x00009275   Thumb Code   122  lib__joystick.o(.text)
    LPC17xx_SPI_SetSpeed                     0x000092f9   Thumb Code    16  touchpanel.o(.text)
    TP_Init                                  0x00009389   Thumb Code    30  touchpanel.o(.text)
    Read_X                                   0x00009425   Thumb Code    42  touchpanel.o(.text)
    Read_Y                                   0x0000944f   Thumb Code    42  touchpanel.o(.text)
    TP_GetAdXY                               0x00009479   Thumb Code    34  touchpanel.o(.text)
    TP_DrawPoint                             0x0000949b   Thumb Code    20  touchpanel.o(.text)
    DrawCross                                0x000094af   Thumb Code   356  touchpanel.o(.text)
    DeleteCross                              0x00009613   Thumb Code   350  touchpanel.o(.text)
    Read_Ads7846                             0x00009771   Thumb Code   502  touchpanel.o(.text)
    setCalibrationMatrix                     0x00009967   Thumb Code   356  touchpanel.o(.text)
    getDisplayPoint                          0x00009acb   Thumb Code   262  touchpanel.o(.text)
    TouchPanel_Calibrate                     0x00009bd1   Thumb Code   120  touchpanel.o(.text)
    ADC_IRQHandler                           0x00009c79   Thumb Code    62  irq_adc.o(.text)
    ADC_init                                 0x00009cc9   Thumb Code    76  lib_adc.o(.text)
    ADC_start_conversion                     0x00009d15   Thumb Code    14  lib_adc.o(.text)
    __2sprintf                               0x00009d35   Thumb Code    34  noretval__2sprintf.o(.text)
    _printf_pre_padding                      0x00009d5d   Thumb Code    44  _printf_pad.o(.text)
    _printf_post_padding                     0x00009d89   Thumb Code    34  _printf_pad.o(.text)
    _printf_int_dec                          0x00009dad   Thumb Code   104  _printf_dec.o(.text)
    __printf                                 0x00009e25   Thumb Code   308  __printf_flags_wp.o(.text)
    __aeabi_memcpy                           0x00009f5d   Thumb Code     0  rt_memcpy_v6.o(.text)
    __rt_memcpy                              0x00009f5d   Thumb Code   138  rt_memcpy_v6.o(.text)
    _memcpy_lastbytes                        0x00009fc3   Thumb Code     0  rt_memcpy_v6.o(.text)
    __aeabi_memclr4                          0x00009fe7   Thumb Code     0  rt_memclr_w.o(.text)
    __aeabi_memclr8                          0x00009fe7   Thumb Code     0  rt_memclr_w.o(.text)
    __rt_memclr_w                            0x00009fe7   Thumb Code    78  rt_memclr_w.o(.text)
    _memset_w                                0x00009feb   Thumb Code     0  rt_memclr_w.o(.text)
    __use_two_region_memory                  0x0000a035   Thumb Code     2  heapauxi.o(.text)
    __rt_heap_escrow$2region                 0x0000a037   Thumb Code     2  heapauxi.o(.text)
    __rt_heap_expand$2region                 0x0000a039   Thumb Code     2  heapauxi.o(.text)
    __read_errno                             0x0000a03b   Thumb Code    10  _rserrno.o(.text)
    __set_errno                              0x0000a045   Thumb Code    12  _rserrno.o(.text)
    _printf_int_common                       0x0000a051   Thumb Code   178  _printf_intcommon.o(.text)
    _printf_char_common                      0x0000a10f   Thumb Code    32  _printf_char_common.o(.text)
    _sputc                                   0x0000a135   Thumb Code    10  _sputc.o(.text)
    __aeabi_memcpy4                          0x0000a13f   Thumb Code     0  rt_memcpy_w.o(.text)
    __aeabi_memcpy8                          0x0000a13f   Thumb Code     0  rt_memcpy_w.o(.text)
    __rt_memcpy_w                            0x0000a13f   Thumb Code   100  rt_memcpy_w.o(.text)
    _memcpy_lastbytes_aligned                0x0000a187   Thumb Code     0  rt_memcpy_w.o(.text)
    __aeabi_errno_addr                       0x0000a1a5   Thumb Code     8  rt_errno_addr_intlibspace.o(.text)
    __errno$intlibspace                      0x0000a1a5   Thumb Code     0  rt_errno_addr_intlibspace.o(.text)
    __rt_errno_addr$intlibspace              0x0000a1a5   Thumb Code     0  rt_errno_addr_intlibspace.o(.text)
    __user_libspace                          0x0000a1ad   Thumb Code     8  libspace.o(.text)
    __user_perproc_libspace                  0x0000a1ad   Thumb Code     0  libspace.o(.text)
    __user_perthread_libspace                0x0000a1ad   Thumb Code     0  libspace.o(.text)
    __user_setup_stackheap                   0x0000a1b5   Thumb Code    74  sys_stackheap_outer.o(.text)
    exit                                     0x0000a1ff   Thumb Code    18  exit.o(.text)
    _sys_exit                                0x0000a211   Thumb Code     8  sys_exit.o(.text)
    __I$use$semihosting                      0x0000a21d   Thumb Code     0  use_no_semi.o(.text)
    __use_no_semihosting_swi                 0x0000a21d   Thumb Code     2  use_no_semi.o(.text)
    __semihosting_library_function           0x0000a21f   Thumb Code     0  indicate_semi.o(.text)
    _is_digit                                0x0000a21f   Thumb Code    14  __printf_wp.o(i._is_digit)
    sqrt                                     0x0000a22d   Thumb Code    76  sqrt.o(i.sqrt)
    __aeabi_dadd                             0x0000a279   Thumb Code     0  daddsub_clz.o(x$fpl$dadd)
    _dadd                                    0x0000a279   Thumb Code   332  daddsub_clz.o(x$fpl$dadd)
    __fpl_dcmp_Inf                           0x0000a3c9   Thumb Code    24  dcmpi.o(x$fpl$dcmpinf)
    __aeabi_ddiv                             0x0000a3e1   Thumb Code     0  ddiv.o(x$fpl$ddiv)
    _ddiv                                    0x0000a3e1   Thumb Code   552  ddiv.o(x$fpl$ddiv)
    __aeabi_cdcmpeq                          0x0000a691   Thumb Code     0  deqf.o(x$fpl$deqf)
    _dcmpeq                                  0x0000a691   Thumb Code   120  deqf.o(x$fpl$deqf)
    __aeabi_d2iz                             0x0000a709   Thumb Code     0  dfix.o(x$fpl$dfix)
    _dfix                                    0x0000a709   Thumb Code    94  dfix.o(x$fpl$dfix)
    __aeabi_d2uiz                            0x0000a769   Thumb Code     0  dfixu.o(x$fpl$dfixu)
    _dfixu                                   0x0000a769   Thumb Code    90  dfixu.o(x$fpl$dfixu)
    __aeabi_i2d                              0x0000a7c3   Thumb Code     0  dflt_clz.o(x$fpl$dflt)
    _dflt                                    0x0000a7c3   Thumb Code    46  dflt_clz.o(x$fpl$dflt)
    __aeabi_ui2d                             0x0000a7f1   Thumb Code     0  dflt_clz.o(x$fpl$dfltu)
    _dfltu                                   0x0000a7f1   Thumb Code    38  dflt_clz.o(x$fpl$dfltu)
    __aeabi_dmul                             0x0000a819   Thumb Code     0  dmul.o(x$fpl$dmul)
    _dmul                                    0x0000a819   Thumb Code   332  dmul.o(x$fpl$dmul)
    __fpl_dnaninf                            0x0000a96d   Thumb Code   156  dnaninf.o(x$fpl$dnaninf)
    __fpl_dretinf                            0x0000aa09   Thumb Code    12  dretinf.o(x$fpl$dretinf)
    _dsqrt                                   0x0000aa15   Thumb Code   456  dsqrt_noumaal.o(x$fpl$dsqrt)
    __aeabi_dsub                             0x0000abe1   Thumb Code     0  daddsub_clz.o(x$fpl$dsub)
    _dsub                                    0x0000abe1   Thumb Code   464  daddsub_clz.o(x$fpl$dsub)
    __I$use$fp                               0x0000adb4   Number         0  usenofp.o(x$fpl$usenofp)
    Region$$Table$$Base                      0x0000b3b8   Number         0  anon$$obj.o(Region$$Table)
    Region$$Table$$Limit                     0x0000b3e8   Number         0  anon$$obj.o(Region$$Table)
    SystemFrequency                          0x2007c000   Data           4  system_lpc17xx.o(.data)
    ScaleFlag                                0x2007c004   Data           1  system_lpc17xx.o(.data)
    sec_update_happiness                     0x2007c008   Data           4  irq_timer.o(.data)
    sec_update_satiety                       0x2007c00c   Data           4  irq_timer.o(.data)
    sec                                      0x2007c010   Data           4  irq_timer.o(.data)
    min                                      0x2007c014   Data           4  irq_timer.o(.data)
    hours                                    0x2007c018   Data           4  irq_timer.o(.data)
    numBarsHappiness                         0x2007c01c   Data           4  irq_timer.o(.data)
    numBarsSatiety                           0x2007c020   Data           4  irq_timer.o(.data)
    dead                                     0x2007c024   Data           4  irq_timer.o(.data)
    f_meal                                   0x2007c028   Data           4  irq_timer.o(.data)
    f_snack                                  0x2007c02c   Data           4  irq_timer.o(.data)
    f_cuddle                                 0x2007c030   Data           4  irq_timer.o(.data)
    flag1                                    0x2007c034   Data           4  irq_timer.o(.data)
    temp1                                    0x2007c038   Data           4  irq_timer.o(.data)
    temp2                                    0x2007c03c   Data           4  irq_timer.o(.data)
    sound_index                              0x2007c040   Data           4  irq_timer.o(.data)
    sound_snack                              0x2007c044   Data          16  irq_timer.o(.data)
    sound_meal                               0x2007c054   Data          16  irq_timer.o(.data)
    sound_cuddle                             0x2007c064   Data          32  irq_timer.o(.data)
    sound_death                              0x2007c084   Data          32  irq_timer.o(.data)
    animation                                0x2007c0a4   Data           4  irq_timer.o(.data)
    SinTable                                 0x2007c0a8   Data          90  irq_timer.o(.data)
    food                                     0x2007c10c   Data           4  irq__rit.o(.data)
    count                                    0x2007c110   Data           4  irq__rit.o(.data)
    display                                  0x2007c120   Data           4  touchpanel.o(.data)
    DisplaySample                            0x2007c124   Data          12  touchpanel.o(.data)
    AD_current                               0x2007c134   Data           2  irq_adc.o(.data)
    AD_last                                  0x2007c136   Data           2  irq_adc.o(.data)
    amplitude                                0x2007c138   Data           4  irq_adc.o(.data)
    time_in_char                             0x2007c13c   Data          20  handler_tamagochi.o(.bss)
    matrix                                   0x2007c150   Data          56  touchpanel.o(.bss)
    ScreenSample                             0x2007c188   Data          12  touchpanel.o(.bss)
    __libspace_start                         0x2007c194   Data          96  libspace.o(.bss)
    __temporary_stack_top$libspace           0x2007c1f4   Data           0  libspace.o(.bss)



==============================================================================

Memory Map of the image

  Image Entry point : 0x000000cd

  Load Region LR_IROM1 (Base: 0x00000000, Size: 0x0000b524, Max: 0x00080000, ABSOLUTE, COMPRESSED[0x0000b494])

    Execution Region ER_IROM1 (Exec base: 0x00000000, Load base: 0x00000000, Size: 0x0000b3e8, Max: 0x00080000, ABSOLUTE)

    Exec Addr    Load Addr    Size         Type   Attr      Idx    E Section Name        Object

    0x00000000   0x00000000   0x000000cc   Data   RO            3    RESET               startup_lpc17xx.o
    0x000000cc   0x000000cc   0x00000008   Code   RO          545  * !!!main             c_w.l(__main.o)
    0x000000d4   0x000000d4   0x00000034   Code   RO          771    !!!scatter          c_w.l(__scatter.o)
    0x00000108   0x00000108   0x0000005a   Code   RO          769    !!dczerorl2         c_w.l(__dczerorl2.o)
    0x00000162   0x00000162   0x00000002   PAD
    0x00000164   0x00000164   0x0000001c   Code   RO          773    !!handler_zi        c_w.l(__scatter_zi.o)
    0x00000180   0x00000180   0x00000000   Code   RO          538    .ARM.Collect$$_printf_percent$$00000000  c_w.l(_printf_percent.o)
    0x00000180   0x00000180   0x00000006   Code   RO          537    .ARM.Collect$$_printf_percent$$00000009  c_w.l(_printf_d.o)
    0x00000186   0x00000186   0x00000004   Code   RO          592    .ARM.Collect$$_printf_percent$$00000017  c_w.l(_printf_percent_end.o)
    0x0000018a   0x0000018a   0x00000002   Code   RO          640    .ARM.Collect$$libinit$$00000000  c_w.l(libinit.o)
    0x0000018c   0x0000018c   0x00000000   Code   RO          644    .ARM.Collect$$libinit$$00000002  c_w.l(libinit2.o)
    0x0000018c   0x0000018c   0x00000000   Code   RO          646    .ARM.Collect$$libinit$$00000004  c_w.l(libinit2.o)
    0x0000018c   0x0000018c   0x00000000   Code   RO          649    .ARM.Collect$$libinit$$0000000A  c_w.l(libinit2.o)
    0x0000018c   0x0000018c   0x00000000   Code   RO          651    .ARM.Collect$$libinit$$0000000C  c_w.l(libinit2.o)
    0x0000018c   0x0000018c   0x00000000   Code   RO          653    .ARM.Collect$$libinit$$0000000E  c_w.l(libinit2.o)
    0x0000018c   0x0000018c   0x00000000   Code   RO          656    .ARM.Collect$$libinit$$00000011  c_w.l(libinit2.o)
    0x0000018c   0x0000018c   0x00000000   Code   RO          658    .ARM.Collect$$libinit$$00000013  c_w.l(libinit2.o)
    0x0000018c   0x0000018c   0x00000000   Code   RO          660    .ARM.Collect$$libinit$$00000015  c_w.l(libinit2.o)
    0x0000018c   0x0000018c   0x00000000   Code   RO          662    .ARM.Collect$$libinit$$00000017  c_w.l(libinit2.o)
    0x0000018c   0x0000018c   0x00000000   Code   RO          664    .ARM.Collect$$libinit$$00000019  c_w.l(libinit2.o)
    0x0000018c   0x0000018c   0x00000000   Code   RO          666    .ARM.Collect$$libinit$$0000001B  c_w.l(libinit2.o)
    0x0000018c   0x0000018c   0x00000000   Code   RO          668    .ARM.Collect$$libinit$$0000001D  c_w.l(libinit2.o)
    0x0000018c   0x0000018c   0x00000000   Code   RO          670    .ARM.Collect$$libinit$$0000001F  c_w.l(libinit2.o)
    0x0000018c   0x0000018c   0x00000000   Code   RO          672    .ARM.Collect$$libinit$$00000021  c_w.l(libinit2.o)
    0x0000018c   0x0000018c   0x00000000   Code   RO          674    .ARM.Collect$$libinit$$00000023  c_w.l(libinit2.o)
    0x0000018c   0x0000018c   0x00000000   Code   RO          676    .ARM.Collect$$libinit$$00000025  c_w.l(libinit2.o)
    0x0000018c   0x0000018c   0x00000000   Code   RO          680    .ARM.Collect$$libinit$$0000002C  c_w.l(libinit2.o)
    0x0000018c   0x0000018c   0x00000000   Code   RO          682    .ARM.Collect$$libinit$$0000002E  c_w.l(libinit2.o)
    0x0000018c   0x0000018c   0x00000000   Code   RO          684    .ARM.Collect$$libinit$$00000030  c_w.l(libinit2.o)
    0x0000018c   0x0000018c   0x00000000   Code   RO          686    .ARM.Collect$$libinit$$00000032  c_w.l(libinit2.o)
    0x0000018c   0x0000018c   0x00000002   Code   RO          687    .ARM.Collect$$libinit$$00000033  c_w.l(libinit2.o)
    0x0000018e   0x0000018e   0x00000002   Code   RO          707    .ARM.Collect$$libshutdown$$00000000  c_w.l(libshutdown.o)
    0x00000190   0x00000190   0x00000000   Code   RO          720    .ARM.Collect$$libshutdown$$00000002  c_w.l(libshutdown2.o)
    0x00000190   0x00000190   0x00000000   Code   RO          722    .ARM.Collect$$libshutdown$$00000004  c_w.l(libshutdown2.o)
    0x00000190   0x00000190   0x00000000   Code   RO          724    .ARM.Collect$$libshutdown$$00000006  c_w.l(libshutdown2.o)
    0x00000190   0x00000190   0x00000000   Code   RO          727    .ARM.Collect$$libshutdown$$00000009  c_w.l(libshutdown2.o)
    0x00000190   0x00000190   0x00000000   Code   RO          730    .ARM.Collect$$libshutdown$$0000000C  c_w.l(libshutdown2.o)
    0x00000190   0x00000190   0x00000000   Code   RO          732    .ARM.Collect$$libshutdown$$0000000E  c_w.l(libshutdown2.o)
    0x00000190   0x00000190   0x00000000   Code   RO          735    .ARM.Collect$$libshutdown$$00000011  c_w.l(libshutdown2.o)
    0x00000190   0x00000190   0x00000002   Code   RO          736    .ARM.Collect$$libshutdown$$00000012  c_w.l(libshutdown2.o)
    0x00000192   0x00000192   0x00000000   Code   RO          583    .ARM.Collect$$rtentry$$00000000  c_w.l(__rtentry.o)
    0x00000192   0x00000192   0x00000000   Code   RO          607    .ARM.Collect$$rtentry$$00000002  c_w.l(__rtentry2.o)
    0x00000192   0x00000192   0x00000006   Code   RO          619    .ARM.Collect$$rtentry$$00000004  c_w.l(__rtentry4.o)
    0x00000198   0x00000198   0x00000000   Code   RO          609    .ARM.Collect$$rtentry$$00000009  c_w.l(__rtentry2.o)
    0x00000198   0x00000198   0x00000004   Code   RO          610    .ARM.Collect$$rtentry$$0000000A  c_w.l(__rtentry2.o)
    0x0000019c   0x0000019c   0x00000000   Code   RO          612    .ARM.Collect$$rtentry$$0000000C  c_w.l(__rtentry2.o)
    0x0000019c   0x0000019c   0x00000008   Code   RO          613    .ARM.Collect$$rtentry$$0000000D  c_w.l(__rtentry2.o)
    0x000001a4   0x000001a4   0x00000002   Code   RO          641    .ARM.Collect$$rtexit$$00000000  c_w.l(rtexit.o)
    0x000001a6   0x000001a6   0x00000000   Code   RO          689    .ARM.Collect$$rtexit$$00000002  c_w.l(rtexit2.o)
    0x000001a6   0x000001a6   0x00000004   Code   RO          690    .ARM.Collect$$rtexit$$00000003  c_w.l(rtexit2.o)
    0x000001aa   0x000001aa   0x00000006   Code   RO          691    .ARM.Collect$$rtexit$$00000004  c_w.l(rtexit2.o)
    0x000001b0   0x000001b0   0x00000034   Code   RO            5    .text               startup_lpc17xx.o
    0x000001e4   0x000001e4   0x000000f8   Code   RO           16    .text               sample.o
    0x000002dc   0x000002dc   0x00000020   Code   RO          218    .text               asciilib.o
    0x000002fc   0x000002fc   0x00000004   Code   RO            4    .ARM.__at_0x02FC    startup_lpc17xx.o
    0x00000300   0x00000300   0x0000024c   Code   RO          104    .text               system_lpc17xx.o
    0x0000054c   0x0000054c   0x0000081c   Code   RO          135    .text               irq_timer.o
    0x00000d68   0x00000d68   0x00000370   Code   RO          193    .text               lib_timer.o
    0x000010d8   0x000010d8   0x00006e20   Code   RO          238    .text               glcd.o
    0x00007ef8   0x00007ef8   0x00001050   Code   RO          288    .text               handler_tamagochi.o
    0x00008f48   0x00008f48   0x00000298   Code   RO          316    .text               irq__rit.o
    0x000091e0   0x000091e0   0x00000094   Code   RO          351    .text               lib__rit.o
    0x00009274   0x00009274   0x00000084   Code   RO          397    .text               lib__joystick.o
    0x000092f8   0x000092f8   0x00000980   Code   RO          421    .text               touchpanel.o
    0x00009c78   0x00009c78   0x00000050   Code   RO          455    .text               irq_adc.o
    0x00009cc8   0x00009cc8   0x0000006c   Code   RO          484    .text               lib_adc.o
    0x00009d34   0x00009d34   0x00000028   Code   RO          509    .text               c_w.l(noretval__2sprintf.o)
    0x00009d5c   0x00009d5c   0x0000004e   Code   RO          513    .text               c_w.l(_printf_pad.o)
    0x00009daa   0x00009daa   0x00000002   PAD
    0x00009dac   0x00009dac   0x00000078   Code   RO          515    .text               c_w.l(_printf_dec.o)
    0x00009e24   0x00009e24   0x00000138   Code   RO          529    .text               c_w.l(__printf_flags_wp.o)
    0x00009f5c   0x00009f5c   0x0000008a   Code   RO          539    .text               c_w.l(rt_memcpy_v6.o)
    0x00009fe6   0x00009fe6   0x0000004e   Code   RO          541    .text               c_w.l(rt_memclr_w.o)
    0x0000a034   0x0000a034   0x00000006   Code   RO          543    .text               c_w.l(heapauxi.o)
    0x0000a03a   0x0000a03a   0x00000016   Code   RO          584    .text               c_w.l(_rserrno.o)
    0x0000a050   0x0000a050   0x000000b2   Code   RO          586    .text               c_w.l(_printf_intcommon.o)
    0x0000a102   0x0000a102   0x00000002   PAD
    0x0000a104   0x0000a104   0x00000030   Code   RO          588    .text               c_w.l(_printf_char_common.o)
    0x0000a134   0x0000a134   0x0000000a   Code   RO          590    .text               c_w.l(_sputc.o)
    0x0000a13e   0x0000a13e   0x00000064   Code   RO          593    .text               c_w.l(rt_memcpy_w.o)
    0x0000a1a2   0x0000a1a2   0x00000002   PAD
    0x0000a1a4   0x0000a1a4   0x00000008   Code   RO          624    .text               c_w.l(rt_errno_addr_intlibspace.o)
    0x0000a1ac   0x0000a1ac   0x00000008   Code   RO          628    .text               c_w.l(libspace.o)
    0x0000a1b4   0x0000a1b4   0x0000004a   Code   RO          631    .text               c_w.l(sys_stackheap_outer.o)
    0x0000a1fe   0x0000a1fe   0x00000012   Code   RO          633    .text               c_w.l(exit.o)
    0x0000a210   0x0000a210   0x0000000c   Code   RO          699    .text               c_w.l(sys_exit.o)
    0x0000a21c   0x0000a21c   0x00000002   Code   RO          710    .text               c_w.l(use_no_semi.o)
    0x0000a21e   0x0000a21e   0x00000000   Code   RO          712    .text               c_w.l(indicate_semi.o)
    0x0000a21e   0x0000a21e   0x0000000e   Code   RO          527    i._is_digit         c_w.l(__printf_wp.o)
    0x0000a22c   0x0000a22c   0x0000004c   Code   RO          576    i.sqrt              m_ws.l(sqrt.o)
    0x0000a278   0x0000a278   0x00000150   Code   RO          547    x$fpl$dadd          fz_ws.l(daddsub_clz.o)
    0x0000a3c8   0x0000a3c8   0x00000018   Code   RO          595    x$fpl$dcmpinf       fz_ws.l(dcmpi.o)
    0x0000a3e0   0x0000a3e0   0x000002b0   Code   RO          554    x$fpl$ddiv          fz_ws.l(ddiv.o)
    0x0000a690   0x0000a690   0x00000078   Code   RO          557    x$fpl$deqf          fz_ws.l(deqf.o)
    0x0000a708   0x0000a708   0x0000005e   Code   RO          559    x$fpl$dfix          fz_ws.l(dfix.o)
    0x0000a766   0x0000a766   0x00000002   PAD
    0x0000a768   0x0000a768   0x0000005a   Code   RO          563    x$fpl$dfixu         fz_ws.l(dfixu.o)
    0x0000a7c2   0x0000a7c2   0x0000002e   Code   RO          568    x$fpl$dflt          fz_ws.l(dflt_clz.o)
    0x0000a7f0   0x0000a7f0   0x00000026   Code   RO          567    x$fpl$dfltu         fz_ws.l(dflt_clz.o)
    0x0000a816   0x0000a816   0x00000002   PAD
    0x0000a818   0x0000a818   0x00000154   Code   RO          573    x$fpl$dmul          fz_ws.l(dmul.o)
    0x0000a96c   0x0000a96c   0x0000009c   Code   RO          599    x$fpl$dnaninf       fz_ws.l(dnaninf.o)
    0x0000aa08   0x0000aa08   0x0000000c   Code   RO          601    x$fpl$dretinf       fz_ws.l(dretinf.o)
    0x0000aa14   0x0000aa14   0x000001cc   Code   RO          603    x$fpl$dsqrt         fz_ws.l(dsqrt_noumaal.o)
    0x0000abe0   0x0000abe0   0x000001d4   Code   RO          549    x$fpl$dsub          fz_ws.l(daddsub_clz.o)
    0x0000adb4   0x0000adb4   0x00000000   Code   RO          605    x$fpl$usenofp       fz_ws.l(usenofp.o)
    0x0000adb4   0x0000adb4   0x000005f0   Data   RO          219    .constdata          asciilib.o
    0x0000b3a4   0x0000b3a4   0x00000011   Data   RO          530    .constdata          c_w.l(__printf_flags_wp.o)
    0x0000b3b5   0x0000b3b5   0x00000003   PAD
    0x0000b3b8   0x0000b3b8   0x00000030   Data   RO          767    Region$$Table       anon$$obj.o


    Execution Region RW_IRAM1 (Exec base: 0x10000000, Load base: 0x0000b3e8, Size: 0x00000200, Max: 0x00008000, ABSOLUTE)

    Exec Addr    Load Addr    Size         Type   Attr      Idx    E Section Name        Object

    0x10000000        -       0x00000200   Zero   RW            1    STACK               startup_lpc17xx.o


    Execution Region RW_IRAM2 (Exec base: 0x2007c000, Load base: 0x0000b3e8, Size: 0x000001f8, Max: 0x00008000, ABSOLUTE, COMPRESSED[0x000000ac])

    Exec Addr    Load Addr    Size         Type   Attr      Idx    E Section Name        Object

    0x2007c000   COMPRESSED   0x00000005   Data   RW          105    .data               system_lpc17xx.o
    0x2007c005   COMPRESSED   0x00000003   PAD
    0x2007c008   COMPRESSED   0x00000100   Data   RW          136    .data               irq_timer.o
    0x2007c108   COMPRESSED   0x00000004   Data   RW          239    .data               glcd.o
    0x2007c10c   COMPRESSED   0x00000014   Data   RW          317    .data               irq__rit.o
    0x2007c120   COMPRESSED   0x00000014   Data   RW          423    .data               touchpanel.o
    0x2007c134   COMPRESSED   0x00000008   Data   RW          457    .data               irq_adc.o
    0x2007c13c        -       0x00000014   Zero   RW          289    .bss                handler_tamagochi.o
    0x2007c150        -       0x00000044   Zero   RW          422    .bss                touchpanel.o
    0x2007c194        -       0x00000060   Zero   RW          629    .bss                c_w.l(libspace.o)
    0x2007c1f4   COMPRESSED   0x00000004   PAD
    0x2007c1f8        -       0x00000000   Zero   RW            2    HEAP                startup_lpc17xx.o


==============================================================================

Image component sizes


      Code (inc. data)   RO Data    RW Data    ZI Data      Debug   Object Name

        32          6       1520          0          0       1147   asciilib.o
     28192        166          0          4          0      69284   glcd.o
      4176         66          0          0         20       6588   handler_tamagochi.o
       664        106          0         20          0       1130   irq__rit.o
        80         18          0          8          0       1346   irq_adc.o
      2076        176          0        256          0      20499   irq_timer.o
       132         10          0          0          0        484   lib__joystick.o
       148         14          0          0          0      27487   lib__rit.o
       108         18          0          0          0        764   lib_adc.o
       880         22          0          0          0       2516   lib_timer.o
       248         28          0          0          0      22239   sample.o
        56         22        204          0        512       1088   startup_lpc17xx.o
       588         36          0          5          0        985   system_lpc17xx.o
      2432         72          0         20         68       6242   touchpanel.o

    ----------------------------------------------------------------------
     39812        760       1772        316        600     161799   Object Totals
         0          0         48          0          0          0   (incl. Generated)
         0          0          0          3          0          0   (incl. Padding)

    ----------------------------------------------------------------------

      Code (inc. data)   RO Data    RW Data    ZI Data      Debug   Library Member Name

        90          0          0          0          0          0   __dczerorl2.o
         8          0          0          0          0         68   __main.o
       312          4         17          0          0         92   __printf_flags_wp.o
        14          0          0          0          0         68   __printf_wp.o
         0          0          0          0          0          0   __rtentry.o
        12          0          0          0          0          0   __rtentry2.o
         6          0          0          0          0          0   __rtentry4.o
        52          8          0          0          0          0   __scatter.o
        28          0          0          0          0          0   __scatter_zi.o
        48          6          0          0          0         96   _printf_char_common.o
         6          0          0          0          0          0   _printf_d.o
       120         16          0          0          0         92   _printf_dec.o
       178          0          0          0          0         88   _printf_intcommon.o
        78          0          0          0          0        108   _printf_pad.o
         0          0          0          0          0          0   _printf_percent.o
         4          0          0          0          0          0   _printf_percent_end.o
        22          0          0          0          0        100   _rserrno.o
        10          0          0          0          0         68   _sputc.o
        18          0          0          0          0         80   exit.o
         6          0          0          0          0        152   heapauxi.o
         0          0          0          0          0          0   indicate_semi.o
         2          0          0          0          0          0   libinit.o
         2          0          0          0          0          0   libinit2.o
         2          0          0          0          0          0   libshutdown.o
         2          0          0          0          0          0   libshutdown2.o
         8          4          0          0         96         68   libspace.o
        40          6          0          0          0         84   noretval__2sprintf.o
         8          4          0          0          0         68   rt_errno_addr_intlibspace.o
        78          0          0          0          0         80   rt_memclr_w.o
       138          0          0          0          0         68   rt_memcpy_v6.o
       100          0          0          0          0         80   rt_memcpy_w.o
         2          0          0          0          0          0   rtexit.o
        10          0          0          0          0          0   rtexit2.o
        12          4          0          0          0         68   sys_exit.o
        74          0          0          0          0         80   sys_stackheap_outer.o
         2          0          0          0          0         68   use_no_semi.o
       804         16          0          0          0        272   daddsub_clz.o
        24          0          0          0          0         68   dcmpi.o
       688        140          0          0          0        208   ddiv.o
       120          4          0          0          0         92   deqf.o
        94          4          0          0          0         92   dfix.o
        90          4          0          0          0         92   dfixu.o
        84          0          0          0          0        136   dflt_clz.o
       340         12          0          0          0        104   dmul.o
       156          4          0          0          0         92   dnaninf.o
        12          0          0          0          0         68   dretinf.o
       460         56          0          0          0        120   dsqrt_noumaal.o
         0          0          0          0          0          0   usenofp.o
        76          0          0          0          0         84   sqrt.o

    ----------------------------------------------------------------------
      4452        292         20          0        100       3104   Library Totals
        12          0          3          0          4          0   (incl. Padding)

    ----------------------------------------------------------------------

      Code (inc. data)   RO Data    RW Data    ZI Data      Debug   Library Name

      1492         52         17          0         96       1676   c_w.l
      2872        240          0          0          0       1344   fz_ws.l
        76          0          0          0          0         84   m_ws.l

    ----------------------------------------------------------------------
      4452        292         20          0        100       3104   Library Totals

    ----------------------------------------------------------------------

==============================================================================


      Code (inc. data)   RO Data    RW Data    ZI Data      Debug   

     44264       1052       1792        316        700     162507   Grand Totals
     44264       1052       1792        172        700     162507   ELF Image Totals (compressed)
     44264       1052       1792        172          0          0   ROM Totals

==============================================================================

    Total RO  Size (Code + RO Data)                46056 (  44.98kB)
    Total RW  Size (RW Data + ZI Data)              1016 (   0.99kB)
    Total ROM Size (Code + RO Data + RW Data)      46228 (  45.14kB)

==============================================================================

